Archive member included because of file (symbol)

d:/documents/zag group/programs/avr tools/02- tools/01- sdk/imt_sdk_win_64/imt_sdk_win_64/winavr/bin/../lib/gcc/avr/4.3.3/avr5\libgcc.a(_udivmodsi4.o)
                              ./I2C_program.o (__udivmodsi4)
d:/documents/zag group/programs/avr tools/02- tools/01- sdk/imt_sdk_win_64/imt_sdk_win_64/winavr/bin/../lib/gcc/avr/4.3.3/avr5\libgcc.a(_exit.o)
                              d:/documents/zag group/programs/avr tools/02- tools/01- sdk/imt_sdk_win_64/imt_sdk_win_64/winavr/bin/../lib/gcc/avr/4.3.3/../../../../avr/lib/avr5/crtm32.o (exit)
d:/documents/zag group/programs/avr tools/02- tools/01- sdk/imt_sdk_win_64/imt_sdk_win_64/winavr/bin/../lib/gcc/avr/4.3.3/avr5\libgcc.a(_copy_data.o)
                              ./Function.o (__do_copy_data)
d:/documents/zag group/programs/avr tools/02- tools/01- sdk/imt_sdk_win_64/imt_sdk_win_64/winavr/bin/../lib/gcc/avr/4.3.3/avr5\libgcc.a(_clear_bss.o)
                              ./Function.o (__do_clear_bss)
d:/documents/zag group/programs/avr tools/02- tools/01- sdk/imt_sdk_win_64/imt_sdk_win_64/winavr/bin/../lib/gcc/avr/4.3.3/avr5\libgcc.a(_fixunssfsi.o)
                              ./Function.o (__fixunssfsi)
d:/documents/zag group/programs/avr tools/02- tools/01- sdk/imt_sdk_win_64/imt_sdk_win_64/winavr/bin/../lib/gcc/avr/4.3.3/avr5\libgcc.a(_addsub_sf.o)
                              ./LCD_program.o (__subsf3)
d:/documents/zag group/programs/avr tools/02- tools/01- sdk/imt_sdk_win_64/imt_sdk_win_64/winavr/bin/../lib/gcc/avr/4.3.3/avr5\libgcc.a(_mul_sf.o)
                              ./Function.o (__mulsf3)
d:/documents/zag group/programs/avr tools/02- tools/01- sdk/imt_sdk_win_64/imt_sdk_win_64/winavr/bin/../lib/gcc/avr/4.3.3/avr5\libgcc.a(_gt_sf.o)
                              ./Function.o (__gtsf2)
d:/documents/zag group/programs/avr tools/02- tools/01- sdk/imt_sdk_win_64/imt_sdk_win_64/winavr/bin/../lib/gcc/avr/4.3.3/avr5\libgcc.a(_ge_sf.o)
                              d:/documents/zag group/programs/avr tools/02- tools/01- sdk/imt_sdk_win_64/imt_sdk_win_64/winavr/bin/../lib/gcc/avr/4.3.3/avr5\libgcc.a(_fixunssfsi.o) (__gesf2)
d:/documents/zag group/programs/avr tools/02- tools/01- sdk/imt_sdk_win_64/imt_sdk_win_64/winavr/bin/../lib/gcc/avr/4.3.3/avr5\libgcc.a(_lt_sf.o)
                              ./Function.o (__ltsf2)
d:/documents/zag group/programs/avr tools/02- tools/01- sdk/imt_sdk_win_64/imt_sdk_win_64/winavr/bin/../lib/gcc/avr/4.3.3/avr5\libgcc.a(_si_to_sf.o)
                              ./LCD_program.o (__floatsisf)
d:/documents/zag group/programs/avr tools/02- tools/01- sdk/imt_sdk_win_64/imt_sdk_win_64/winavr/bin/../lib/gcc/avr/4.3.3/avr5\libgcc.a(_sf_to_si.o)
                              d:/documents/zag group/programs/avr tools/02- tools/01- sdk/imt_sdk_win_64/imt_sdk_win_64/winavr/bin/../lib/gcc/avr/4.3.3/avr5\libgcc.a(_fixunssfsi.o) (__fixsfsi)
d:/documents/zag group/programs/avr tools/02- tools/01- sdk/imt_sdk_win_64/imt_sdk_win_64/winavr/bin/../lib/gcc/avr/4.3.3/avr5\libgcc.a(_thenan_sf.o)
                              d:/documents/zag group/programs/avr tools/02- tools/01- sdk/imt_sdk_win_64/imt_sdk_win_64/winavr/bin/../lib/gcc/avr/4.3.3/avr5\libgcc.a(_addsub_sf.o) (__thenan_sf)
d:/documents/zag group/programs/avr tools/02- tools/01- sdk/imt_sdk_win_64/imt_sdk_win_64/winavr/bin/../lib/gcc/avr/4.3.3/avr5\libgcc.a(_usi_to_sf.o)
                              ./Function.o (__floatunsisf)
d:/documents/zag group/programs/avr tools/02- tools/01- sdk/imt_sdk_win_64/imt_sdk_win_64/winavr/bin/../lib/gcc/avr/4.3.3/avr5\libgcc.a(_prologue.o)
                              d:/documents/zag group/programs/avr tools/02- tools/01- sdk/imt_sdk_win_64/imt_sdk_win_64/winavr/bin/../lib/gcc/avr/4.3.3/avr5\libgcc.a(_addsub_sf.o) (__prologue_saves__)
d:/documents/zag group/programs/avr tools/02- tools/01- sdk/imt_sdk_win_64/imt_sdk_win_64/winavr/bin/../lib/gcc/avr/4.3.3/avr5\libgcc.a(_epilogue.o)
                              d:/documents/zag group/programs/avr tools/02- tools/01- sdk/imt_sdk_win_64/imt_sdk_win_64/winavr/bin/../lib/gcc/avr/4.3.3/avr5\libgcc.a(_addsub_sf.o) (__epilogue_restores__)
d:/documents/zag group/programs/avr tools/02- tools/01- sdk/imt_sdk_win_64/imt_sdk_win_64/winavr/bin/../lib/gcc/avr/4.3.3/avr5\libgcc.a(_clzsi2.o)
                              d:/documents/zag group/programs/avr tools/02- tools/01- sdk/imt_sdk_win_64/imt_sdk_win_64/winavr/bin/../lib/gcc/avr/4.3.3/avr5\libgcc.a(_si_to_sf.o) (__clzsi2)
d:/documents/zag group/programs/avr tools/02- tools/01- sdk/imt_sdk_win_64/imt_sdk_win_64/winavr/bin/../lib/gcc/avr/4.3.3/avr5\libgcc.a(_pack_sf.o)
                              d:/documents/zag group/programs/avr tools/02- tools/01- sdk/imt_sdk_win_64/imt_sdk_win_64/winavr/bin/../lib/gcc/avr/4.3.3/avr5\libgcc.a(_addsub_sf.o) (__pack_f)
d:/documents/zag group/programs/avr tools/02- tools/01- sdk/imt_sdk_win_64/imt_sdk_win_64/winavr/bin/../lib/gcc/avr/4.3.3/avr5\libgcc.a(_unpack_sf.o)
                              d:/documents/zag group/programs/avr tools/02- tools/01- sdk/imt_sdk_win_64/imt_sdk_win_64/winavr/bin/../lib/gcc/avr/4.3.3/avr5\libgcc.a(_addsub_sf.o) (__unpack_f)
d:/documents/zag group/programs/avr tools/02- tools/01- sdk/imt_sdk_win_64/imt_sdk_win_64/winavr/bin/../lib/gcc/avr/4.3.3/avr5\libgcc.a(_fpcmp_parts_sf.o)
                              d:/documents/zag group/programs/avr tools/02- tools/01- sdk/imt_sdk_win_64/imt_sdk_win_64/winavr/bin/../lib/gcc/avr/4.3.3/avr5\libgcc.a(_gt_sf.o) (__fpcmp_parts_f)
d:/documents/zag group/programs/avr tools/02- tools/01- sdk/imt_sdk_win_64/imt_sdk_win_64/winavr/bin/../lib/gcc/avr/4.3.3/avr5\libgcc.a(_clz.o)
                              d:/documents/zag group/programs/avr tools/02- tools/01- sdk/imt_sdk_win_64/imt_sdk_win_64/winavr/bin/../lib/gcc/avr/4.3.3/avr5\libgcc.a(_clzsi2.o) (__clz_tab)
d:/documents/zag group/programs/avr tools/02- tools/01- sdk/imt_sdk_win_64/imt_sdk_win_64/winavr/bin/../lib/gcc/avr/4.3.3/../../../../avr/lib/avr5\libc.a(sprintf.o)
                              ./LCD_program.o (sprintf)
d:/documents/zag group/programs/avr tools/02- tools/01- sdk/imt_sdk_win_64/imt_sdk_win_64/winavr/bin/../lib/gcc/avr/4.3.3/../../../../avr/lib/avr5\libc.a(vfprintf_std.o)
                              d:/documents/zag group/programs/avr tools/02- tools/01- sdk/imt_sdk_win_64/imt_sdk_win_64/winavr/bin/../lib/gcc/avr/4.3.3/../../../../avr/lib/avr5\libc.a(sprintf.o) (vfprintf)
d:/documents/zag group/programs/avr tools/02- tools/01- sdk/imt_sdk_win_64/imt_sdk_win_64/winavr/bin/../lib/gcc/avr/4.3.3/../../../../avr/lib/avr5\libc.a(strnlen_P.o)
                              d:/documents/zag group/programs/avr tools/02- tools/01- sdk/imt_sdk_win_64/imt_sdk_win_64/winavr/bin/../lib/gcc/avr/4.3.3/../../../../avr/lib/avr5\libc.a(vfprintf_std.o) (strnlen_P)
d:/documents/zag group/programs/avr tools/02- tools/01- sdk/imt_sdk_win_64/imt_sdk_win_64/winavr/bin/../lib/gcc/avr/4.3.3/../../../../avr/lib/avr5\libc.a(strnlen.o)
                              d:/documents/zag group/programs/avr tools/02- tools/01- sdk/imt_sdk_win_64/imt_sdk_win_64/winavr/bin/../lib/gcc/avr/4.3.3/../../../../avr/lib/avr5\libc.a(vfprintf_std.o) (strnlen)
d:/documents/zag group/programs/avr tools/02- tools/01- sdk/imt_sdk_win_64/imt_sdk_win_64/winavr/bin/../lib/gcc/avr/4.3.3/../../../../avr/lib/avr5\libc.a(fputc.o)
                              d:/documents/zag group/programs/avr tools/02- tools/01- sdk/imt_sdk_win_64/imt_sdk_win_64/winavr/bin/../lib/gcc/avr/4.3.3/../../../../avr/lib/avr5\libc.a(vfprintf_std.o) (fputc)
d:/documents/zag group/programs/avr tools/02- tools/01- sdk/imt_sdk_win_64/imt_sdk_win_64/winavr/bin/../lib/gcc/avr/4.3.3/../../../../avr/lib/avr5\libc.a(ultoa_invert.o)
                              d:/documents/zag group/programs/avr tools/02- tools/01- sdk/imt_sdk_win_64/imt_sdk_win_64/winavr/bin/../lib/gcc/avr/4.3.3/../../../../avr/lib/avr5\libc.a(vfprintf_std.o) (__ultoa_invert)

Allocating common symbols
Common symbol       size              file

Index               0x1               ./Function.o
PassKey             0x1               ./Function.o
CB_UDR              0x2               ./UART_program.o
CB_TX               0x2               ./UART_program.o
Correct             0x1               ./main.o
PassWord            0x5               ./Function.o
PassIndex           0x1               ./Function.o
CB_RX               0x2               ./UART_program.o
Key                 0x1               ./main.o

Memory Configuration

Name             Origin             Length             Attributes
text             0x00000000         0x00020000         xr
data             0x00800060         0x0000ffa0         rw !x
eeprom           0x00810000         0x00010000         rw !x
fuse             0x00820000         0x00000400         rw !x
lock             0x00830000         0x00000400         rw !x
signature        0x00840000         0x00000400         rw !x
*default*        0x00000000         0xffffffff

Linker script and memory map

LOAD d:/documents/zag group/programs/avr tools/02- tools/01- sdk/imt_sdk_win_64/imt_sdk_win_64/winavr/bin/../lib/gcc/avr/4.3.3/../../../../avr/lib/avr5/crtm32.o
LOAD ./EEPROM_program.o
LOAD ./ExtEEPROM_program.o
LOAD ./Function.o
LOAD ./GPIO_program.o
LOAD ./I2C_program.o
LOAD ./I2Cfun_program.o
LOAD ./KEYPAD_program.o
LOAD ./LCD_program.o
LOAD ./LED_program.o
LOAD ./UART_program.o
LOAD ./main.o
LOAD d:/documents/zag group/programs/avr tools/02- tools/01- sdk/imt_sdk_win_64/imt_sdk_win_64/winavr/bin/../lib/gcc/avr/4.3.3/avr5\libgcc.a
LOAD d:/documents/zag group/programs/avr tools/02- tools/01- sdk/imt_sdk_win_64/imt_sdk_win_64/winavr/bin/../lib/gcc/avr/4.3.3/../../../../avr/lib/avr5\libc.a
LOAD d:/documents/zag group/programs/avr tools/02- tools/01- sdk/imt_sdk_win_64/imt_sdk_win_64/winavr/bin/../lib/gcc/avr/4.3.3/avr5\libgcc.a

.hash
 *(.hash)

.dynsym
 *(.dynsym)

.dynstr
 *(.dynstr)

.gnu.version
 *(.gnu.version)

.gnu.version_d
 *(.gnu.version_d)

.gnu.version_r
 *(.gnu.version_r)

.rel.init
 *(.rel.init)

.rela.init
 *(.rela.init)

.rel.text
 *(.rel.text)
 *(.rel.text.*)
 *(.rel.gnu.linkonce.t*)

.rela.text
 *(.rela.text)
 *(.rela.text.*)
 *(.rela.gnu.linkonce.t*)

.rel.fini
 *(.rel.fini)

.rela.fini
 *(.rela.fini)

.rel.rodata
 *(.rel.rodata)
 *(.rel.rodata.*)
 *(.rel.gnu.linkonce.r*)

.rela.rodata
 *(.rela.rodata)
 *(.rela.rodata.*)
 *(.rela.gnu.linkonce.r*)

.rel.data
 *(.rel.data)
 *(.rel.data.*)
 *(.rel.gnu.linkonce.d*)

.rela.data
 *(.rela.data)
 *(.rela.data.*)
 *(.rela.gnu.linkonce.d*)

.rel.ctors
 *(.rel.ctors)

.rela.ctors
 *(.rela.ctors)

.rel.dtors
 *(.rel.dtors)

.rela.dtors
 *(.rela.dtors)

.rel.got
 *(.rel.got)

.rela.got
 *(.rela.got)

.rel.bss
 *(.rel.bss)

.rela.bss
 *(.rela.bss)

.rel.plt
 *(.rel.plt)

.rela.plt
 *(.rela.plt)

.text           0x00000000     0x426e
 *(.vectors)
 .vectors       0x00000000       0x54 d:/documents/zag group/programs/avr tools/02- tools/01- sdk/imt_sdk_win_64/imt_sdk_win_64/winavr/bin/../lib/gcc/avr/4.3.3/../../../../avr/lib/avr5/crtm32.o
                0x00000000                __vectors
                0x00000000                __vector_default
 *(.vectors)
 *(.progmem.gcc*)
 *(.progmem*)
                0x00000054                . = ALIGN (0x2)
                0x00000054                __trampolines_start = .
 *(.trampolines)
 .trampolines   0x00000054        0x0 linker stubs
 *(.trampolines*)
                0x00000054                __trampolines_end = .
 *(.jumptables)
 *(.jumptables*)
 *(.lowtext)
 *(.lowtext*)
                0x00000054                __ctors_start = .
 *(.ctors)
                0x00000054                __ctors_end = .
                0x00000054                __dtors_start = .
 *(.dtors)
                0x00000054                __dtors_end = .
 SORT(*)(.ctors)
 SORT(*)(.dtors)
 *(.init0)
 .init0         0x00000054        0x0 d:/documents/zag group/programs/avr tools/02- tools/01- sdk/imt_sdk_win_64/imt_sdk_win_64/winavr/bin/../lib/gcc/avr/4.3.3/../../../../avr/lib/avr5/crtm32.o
                0x00000054                __init
 *(.init0)
 *(.init1)
 *(.init1)
 *(.init2)
 .init2         0x00000054        0xc d:/documents/zag group/programs/avr tools/02- tools/01- sdk/imt_sdk_win_64/imt_sdk_win_64/winavr/bin/../lib/gcc/avr/4.3.3/../../../../avr/lib/avr5/crtm32.o
 *(.init2)
 *(.init3)
 *(.init3)
 *(.init4)
 .init4         0x00000060       0x16 d:/documents/zag group/programs/avr tools/02- tools/01- sdk/imt_sdk_win_64/imt_sdk_win_64/winavr/bin/../lib/gcc/avr/4.3.3/avr5\libgcc.a(_copy_data.o)
                0x00000060                __do_copy_data
 .init4         0x00000076       0x10 d:/documents/zag group/programs/avr tools/02- tools/01- sdk/imt_sdk_win_64/imt_sdk_win_64/winavr/bin/../lib/gcc/avr/4.3.3/avr5\libgcc.a(_clear_bss.o)
                0x00000076                __do_clear_bss
 *(.init4)
 *(.init5)
 *(.init5)
 *(.init6)
 *(.init6)
 *(.init7)
 *(.init7)
 *(.init8)
 *(.init8)
 *(.init9)
 .init9         0x00000086        0x8 d:/documents/zag group/programs/avr tools/02- tools/01- sdk/imt_sdk_win_64/imt_sdk_win_64/winavr/bin/../lib/gcc/avr/4.3.3/../../../../avr/lib/avr5/crtm32.o
 *(.init9)
 *(.text)
 .text          0x0000008e        0x4 d:/documents/zag group/programs/avr tools/02- tools/01- sdk/imt_sdk_win_64/imt_sdk_win_64/winavr/bin/../lib/gcc/avr/4.3.3/../../../../avr/lib/avr5/crtm32.o
                0x0000008e                __vector_1
                0x0000008e                __vector_12
                0x0000008e                __bad_interrupt
                0x0000008e                __vector_6
                0x0000008e                __vector_3
                0x0000008e                __vector_11
                0x0000008e                __vector_13
                0x0000008e                __vector_17
                0x0000008e                __vector_19
                0x0000008e                __vector_7
                0x0000008e                __vector_5
                0x0000008e                __vector_4
                0x0000008e                __vector_9
                0x0000008e                __vector_2
                0x0000008e                __vector_15
                0x0000008e                __vector_8
                0x0000008e                __vector_14
                0x0000008e                __vector_10
                0x0000008e                __vector_16
                0x0000008e                __vector_18
                0x0000008e                __vector_20
 .text          0x00000092        0x0 ./EEPROM_program.o
 .text          0x00000092        0x0 ./ExtEEPROM_program.o
 .text          0x00000092        0x0 ./Function.o
 .text          0x00000092        0x0 ./GPIO_program.o
 .text          0x00000092        0x0 ./I2C_program.o
 .text          0x00000092        0x0 ./I2Cfun_program.o
 .text          0x00000092        0x0 ./KEYPAD_program.o
 .text          0x00000092        0x0 ./LCD_program.o
 .text          0x00000092        0x0 ./LED_program.o
 .text          0x00000092        0x0 ./UART_program.o
 .text          0x00000092        0x0 ./main.o
 .text          0x00000092        0x0 d:/documents/zag group/programs/avr tools/02- tools/01- sdk/imt_sdk_win_64/imt_sdk_win_64/winavr/bin/../lib/gcc/avr/4.3.3/avr5\libgcc.a(_udivmodsi4.o)
 .text          0x00000092        0x0 d:/documents/zag group/programs/avr tools/02- tools/01- sdk/imt_sdk_win_64/imt_sdk_win_64/winavr/bin/../lib/gcc/avr/4.3.3/avr5\libgcc.a(_exit.o)
 .text          0x00000092        0x0 d:/documents/zag group/programs/avr tools/02- tools/01- sdk/imt_sdk_win_64/imt_sdk_win_64/winavr/bin/../lib/gcc/avr/4.3.3/avr5\libgcc.a(_copy_data.o)
 .text          0x00000092        0x0 d:/documents/zag group/programs/avr tools/02- tools/01- sdk/imt_sdk_win_64/imt_sdk_win_64/winavr/bin/../lib/gcc/avr/4.3.3/avr5\libgcc.a(_clear_bss.o)
 .text          0x00000092       0x58 d:/documents/zag group/programs/avr tools/02- tools/01- sdk/imt_sdk_win_64/imt_sdk_win_64/winavr/bin/../lib/gcc/avr/4.3.3/avr5\libgcc.a(_fixunssfsi.o)
                0x00000092                __fixunssfsi
 .text          0x000000ea      0x354 d:/documents/zag group/programs/avr tools/02- tools/01- sdk/imt_sdk_win_64/imt_sdk_win_64/winavr/bin/../lib/gcc/avr/4.3.3/avr5\libgcc.a(_addsub_sf.o)
                0x00000382                __subsf3
                0x000003e4                __addsf3
 .text          0x0000043e      0x1f4 d:/documents/zag group/programs/avr tools/02- tools/01- sdk/imt_sdk_win_64/imt_sdk_win_64/winavr/bin/../lib/gcc/avr/4.3.3/avr5\libgcc.a(_mul_sf.o)
                0x0000043e                __mulsf3
 .text          0x00000632       0x60 d:/documents/zag group/programs/avr tools/02- tools/01- sdk/imt_sdk_win_64/imt_sdk_win_64/winavr/bin/../lib/gcc/avr/4.3.3/avr5\libgcc.a(_gt_sf.o)
                0x00000632                __gtsf2
 .text          0x00000692       0x60 d:/documents/zag group/programs/avr tools/02- tools/01- sdk/imt_sdk_win_64/imt_sdk_win_64/winavr/bin/../lib/gcc/avr/4.3.3/avr5\libgcc.a(_ge_sf.o)
                0x00000692                __gesf2
 .text          0x000006f2       0x60 d:/documents/zag group/programs/avr tools/02- tools/01- sdk/imt_sdk_win_64/imt_sdk_win_64/winavr/bin/../lib/gcc/avr/4.3.3/avr5\libgcc.a(_lt_sf.o)
                0x000006f2                __ltsf2
 .text          0x00000752       0xbc d:/documents/zag group/programs/avr tools/02- tools/01- sdk/imt_sdk_win_64/imt_sdk_win_64/winavr/bin/../lib/gcc/avr/4.3.3/avr5\libgcc.a(_si_to_sf.o)
                0x00000752                __floatsisf
 .text          0x0000080e       0xa8 d:/documents/zag group/programs/avr tools/02- tools/01- sdk/imt_sdk_win_64/imt_sdk_win_64/winavr/bin/../lib/gcc/avr/4.3.3/avr5\libgcc.a(_sf_to_si.o)
                0x0000080e                __fixsfsi
 .text          0x000008b6        0x0 d:/documents/zag group/programs/avr tools/02- tools/01- sdk/imt_sdk_win_64/imt_sdk_win_64/winavr/bin/../lib/gcc/avr/4.3.3/avr5\libgcc.a(_thenan_sf.o)
 .text          0x000008b6       0xf2 d:/documents/zag group/programs/avr tools/02- tools/01- sdk/imt_sdk_win_64/imt_sdk_win_64/winavr/bin/../lib/gcc/avr/4.3.3/avr5\libgcc.a(_usi_to_sf.o)
                0x000008b6                __floatunsisf
 .text          0x000009a8        0x0 d:/documents/zag group/programs/avr tools/02- tools/01- sdk/imt_sdk_win_64/imt_sdk_win_64/winavr/bin/../lib/gcc/avr/4.3.3/avr5\libgcc.a(_prologue.o)
 .text          0x000009a8        0x0 d:/documents/zag group/programs/avr tools/02- tools/01- sdk/imt_sdk_win_64/imt_sdk_win_64/winavr/bin/../lib/gcc/avr/4.3.3/avr5\libgcc.a(_epilogue.o)
 .text          0x000009a8       0x9e d:/documents/zag group/programs/avr tools/02- tools/01- sdk/imt_sdk_win_64/imt_sdk_win_64/winavr/bin/../lib/gcc/avr/4.3.3/avr5\libgcc.a(_clzsi2.o)
                0x000009a8                __clzsi2
 .text          0x00000a46      0x1aa d:/documents/zag group/programs/avr tools/02- tools/01- sdk/imt_sdk_win_64/imt_sdk_win_64/winavr/bin/../lib/gcc/avr/4.3.3/avr5\libgcc.a(_pack_sf.o)
                0x00000a46                __pack_f
 .text          0x00000bf0       0xf0 d:/documents/zag group/programs/avr tools/02- tools/01- sdk/imt_sdk_win_64/imt_sdk_win_64/winavr/bin/../lib/gcc/avr/4.3.3/avr5\libgcc.a(_unpack_sf.o)
                0x00000bf0                __unpack_f
 .text          0x00000ce0       0xb2 d:/documents/zag group/programs/avr tools/02- tools/01- sdk/imt_sdk_win_64/imt_sdk_win_64/winavr/bin/../lib/gcc/avr/4.3.3/avr5\libgcc.a(_fpcmp_parts_sf.o)
                0x00000ce0                __fpcmp_parts_f
 .text          0x00000d92        0x0 d:/documents/zag group/programs/avr tools/02- tools/01- sdk/imt_sdk_win_64/imt_sdk_win_64/winavr/bin/../lib/gcc/avr/4.3.3/avr5\libgcc.a(_clz.o)
 .text          0x00000d92        0x0 d:/documents/zag group/programs/avr tools/02- tools/01- sdk/imt_sdk_win_64/imt_sdk_win_64/winavr/bin/../lib/gcc/avr/4.3.3/../../../../avr/lib/avr5\libc.a(sprintf.o)
 .text          0x00000d92        0x0 d:/documents/zag group/programs/avr tools/02- tools/01- sdk/imt_sdk_win_64/imt_sdk_win_64/winavr/bin/../lib/gcc/avr/4.3.3/../../../../avr/lib/avr5\libc.a(vfprintf_std.o)
 .text          0x00000d92        0x0 d:/documents/zag group/programs/avr tools/02- tools/01- sdk/imt_sdk_win_64/imt_sdk_win_64/winavr/bin/../lib/gcc/avr/4.3.3/../../../../avr/lib/avr5\libc.a(strnlen_P.o)
 .text          0x00000d92        0x0 d:/documents/zag group/programs/avr tools/02- tools/01- sdk/imt_sdk_win_64/imt_sdk_win_64/winavr/bin/../lib/gcc/avr/4.3.3/../../../../avr/lib/avr5\libc.a(strnlen.o)
 .text          0x00000d92        0x0 d:/documents/zag group/programs/avr tools/02- tools/01- sdk/imt_sdk_win_64/imt_sdk_win_64/winavr/bin/../lib/gcc/avr/4.3.3/../../../../avr/lib/avr5\libc.a(fputc.o)
 .text          0x00000d92        0x0 d:/documents/zag group/programs/avr tools/02- tools/01- sdk/imt_sdk_win_64/imt_sdk_win_64/winavr/bin/../lib/gcc/avr/4.3.3/../../../../avr/lib/avr5\libc.a(ultoa_invert.o)
                0x00000d92                . = ALIGN (0x2)
 *(.text.*)
 .text.EEPROM_voidWrite
                0x00000d92       0x70 ./EEPROM_program.o
                0x00000d92                EEPROM_voidWrite
 .text.EEPROM_voidRead
                0x00000e02       0x42 ./EEPROM_program.o
                0x00000e02                EEPROM_voidRead
 .text.ExtEEPROM_voidWrite
                0x00000e44       0x32 ./ExtEEPROM_program.o
                0x00000e44                ExtEEPROM_voidWrite
 .text.ExtEEPROM_voidRead
                0x00000e76       0x3c ./ExtEEPROM_program.o
                0x00000e76                ExtEEPROM_voidRead
 .text.SetPass  0x00000eb2      0x4bc ./Function.o
                0x00000eb2                SetPass
 .text.CheckPass
                0x0000136e      0x506 ./Function.o
                0x0000136e                CheckPass
 .text.Wrongpass
                0x00001874      0x176 ./Function.o
                0x00001874                Wrongpass
 .text.LockedOut
                0x000019ea       0x42 ./Function.o
                0x000019ea                LockedOut
 .text.GPIO_voidSetPinDDR
                0x00001a2c      0x1c6 ./GPIO_program.o
                0x00001a2c                GPIO_voidSetPinDDR
 .text.GPIO_voidWritePin
                0x00001bf2      0x1c6 ./GPIO_program.o
                0x00001bf2                GPIO_voidWritePin
 .text.GPIO_u8ReadPin
                0x00001db8      0x156 ./GPIO_program.o
                0x00001db8                GPIO_u8ReadPin
 .text.GPIO_voidTogPin
                0x00001f0e       0xfa ./GPIO_program.o
                0x00001f0e                GPIO_voidTogPin
 .text.GPIO_voidSetPortDDR
                0x00002008       0xba ./GPIO_program.o
                0x00002008                GPIO_voidSetPortDDR
 .text.GPIO_voidWritePort
                0x000020c2       0x82 ./GPIO_program.o
                0x000020c2                GPIO_voidWritePort
 .text.GPIO_voidSetLowNippleDDR
                0x00002144       0x36 ./GPIO_program.o
                0x00002144                GPIO_voidSetLowNippleDDR
 .text.GPIO_voidSetHighNippleDDR
                0x0000217a       0x38 ./GPIO_program.o
                0x0000217a                GPIO_voidSetHighNippleDDR
 .text.GPIO_voidWriteLowNipple
                0x000021b2       0xe0 ./GPIO_program.o
                0x000021b2                GPIO_voidWriteLowNipple
 .text.GPIO_voidWriteHighNipple
                0x00002292       0xe0 ./GPIO_program.o
                0x00002292                GPIO_voidWriteHighNipple
 .text.I2C_voidInit
                0x00002372       0x98 ./I2C_program.o
                0x00002372                I2C_voidInit
 .text.I2C_voidStart
                0x0000240a       0x40 ./I2C_program.o
                0x0000240a                I2C_voidStart
 .text.I2C_voidWriteAddress
                0x0000244a       0x4e ./I2C_program.o
                0x0000244a                I2C_voidWriteAddress
 .text.I2C_voidWriteData
                0x00002498       0x4e ./I2C_program.o
                0x00002498                I2C_voidWriteData
 .text.I2C_voidStop
                0x000024e6       0x16 ./I2C_program.o
                0x000024e6                I2C_voidStop
 .text.I2C_voidSetAddress
                0x000024fc       0x1c ./I2C_program.o
                0x000024fc                I2C_voidSetAddress
 .text.I2C_u8SlaveRead
                0x00002518       0x78 ./I2C_program.o
                0x00002518                I2C_u8SlaveRead
 .text.I2C_repeated_start
                0x00002590       0x40 ./I2C_program.o
                0x00002590                I2C_repeated_start
 .text.I2C_read_with_NACK
                0x000025d0       0x46 ./I2C_program.o
                0x000025d0                I2C_read_with_NACK
 .text.I2C_write_address_and_read
                0x00002616       0x4e ./I2C_program.o
                0x00002616                I2C_write_address_and_read
 .text.I2Cfun_voidMasterSend
                0x00002664       0x2c ./I2Cfun_program.o
                0x00002664                I2Cfun_voidMasterSend
 .text.I2Cfun_voidMasterRead
                0x00002690       0x38 ./I2Cfun_program.o
                0x00002690                I2Cfun_voidMasterRead
 .text.Keypad_voidinit
                0x000026c8       0x2c ./KEYPAD_program.o
                0x000026c8                Keypad_voidinit
 .text.Keypad_voidCheckVal
                0x000026f4       0x9a ./KEYPAD_program.o
                0x000026f4                Keypad_voidCheckVal
 .text.LCD_voidInit
                0x0000278e      0x676 ./LCD_program.o
                0x0000278e                LCD_voidInit
 .text.LCD_voidSendCmd
                0x00002e04      0x154 ./LCD_program.o
                0x00002e04                LCD_voidSendCmd
 .text.LCD_voidSendEnPulse
                0x00002f58      0x11e ./LCD_program.o
                0x00002f58                LCD_voidSendEnPulse
 .text.LCD_voidMoveCrusor
                0x00003076      0x14c ./LCD_program.o
                0x00003076                LCD_voidMoveCrusor
 .text.LCD_voidClearScreen
                0x000031c2      0x110 ./LCD_program.o
                0x000031c2                LCD_voidClearScreen
 .text.LCD_voidDispChar
                0x000032d2      0x154 ./LCD_program.o
                0x000032d2                LCD_voidDispChar
 .text.LCD_voidDispString
                0x00003426       0x38 ./LCD_program.o
                0x00003426                LCD_voidDispString
 .text.LCD_voidDispNumber
                0x0000345e      0x120 ./LCD_program.o
                0x0000345e                LCD_voidDispNumber
 .text.LED_voidTurnOn
                0x0000357e       0x2c ./LED_program.o
                0x0000357e                LED_voidTurnOn
 .text.LED_voidTurnOff
                0x000035aa       0x2c ./LED_program.o
                0x000035aa                LED_voidTurnOff
 .text.LED_voidTogLed
                0x000035d6       0x2a ./LED_program.o
                0x000035d6                LED_voidTogLed
 .text.USART_voidInit
                0x00003600      0x11e ./UART_program.o
                0x00003600                USART_voidInit
 .text.USART_voidSendByte
                0x0000371e       0x42 ./UART_program.o
                0x0000371e                USART_voidSendByte
 .text.USART_u8RecieveByte
                0x00003760       0x2a ./UART_program.o
                0x00003760                USART_u8RecieveByte
 .text.USART_voidEnableTXInterrupt
                0x0000378a       0x1c ./UART_program.o
                0x0000378a                USART_voidEnableTXInterrupt
 .text.USART_voidEnableRXInterrupt
                0x000037a6       0x1c ./UART_program.o
                0x000037a6                USART_voidEnableRXInterrupt
 .text.USART_voidEnableUDREInterrupt
                0x000037c2       0x1c ./UART_program.o
                0x000037c2                USART_voidEnableUDREInterrupt
 .text.USART_voidSetCBTX
                0x000037de       0x24 ./UART_program.o
                0x000037de                USART_voidSetCBTX
 .text.USART_voidSetCBRX
                0x00003802       0x24 ./UART_program.o
                0x00003802                USART_voidSetCBRX
 .text.USART_voidSetCBUDRE
                0x00003826       0x24 ./UART_program.o
                0x00003826                USART_voidSetCBUDRE
 .text.USART_voidSendString
                0x0000384a       0x38 ./UART_program.o
                0x0000384a                USART_voidSendString
 .text.USART_voidSendu32Block
                0x00003882       0x6a ./UART_program.o
                0x00003882                USART_voidSendu32Block
 .text.USART_u32Recieveu32Block
                0x000038ec       0x84 ./UART_program.o
                0x000038ec                USART_u32Recieveu32Block
 .text.main     0x00003970      0x306 ./main.o
                0x00003970                main
 .text.libgcc   0x00003c76       0x44 d:/documents/zag group/programs/avr tools/02- tools/01- sdk/imt_sdk_win_64/imt_sdk_win_64/winavr/bin/../lib/gcc/avr/4.3.3/avr5\libgcc.a(_udivmodsi4.o)
                0x00003c76                __udivmodsi4
 .text.libgcc   0x00003cba        0x0 d:/documents/zag group/programs/avr tools/02- tools/01- sdk/imt_sdk_win_64/imt_sdk_win_64/winavr/bin/../lib/gcc/avr/4.3.3/avr5\libgcc.a(_exit.o)
 .text.libgcc   0x00003cba        0x0 d:/documents/zag group/programs/avr tools/02- tools/01- sdk/imt_sdk_win_64/imt_sdk_win_64/winavr/bin/../lib/gcc/avr/4.3.3/avr5\libgcc.a(_copy_data.o)
 .text.libgcc   0x00003cba        0x0 d:/documents/zag group/programs/avr tools/02- tools/01- sdk/imt_sdk_win_64/imt_sdk_win_64/winavr/bin/../lib/gcc/avr/4.3.3/avr5\libgcc.a(_clear_bss.o)
 .text.libgcc   0x00003cba       0x38 d:/documents/zag group/programs/avr tools/02- tools/01- sdk/imt_sdk_win_64/imt_sdk_win_64/winavr/bin/../lib/gcc/avr/4.3.3/avr5\libgcc.a(_prologue.o)
                0x00003cba                __prologue_saves__
 .text.libgcc   0x00003cf2       0x36 d:/documents/zag group/programs/avr tools/02- tools/01- sdk/imt_sdk_win_64/imt_sdk_win_64/winavr/bin/../lib/gcc/avr/4.3.3/avr5\libgcc.a(_epilogue.o)
                0x00003cf2                __epilogue_restores__
 .text.avr-libc
                0x00003d28       0x48 d:/documents/zag group/programs/avr tools/02- tools/01- sdk/imt_sdk_win_64/imt_sdk_win_64/winavr/bin/../lib/gcc/avr/4.3.3/../../../../avr/lib/avr5\libc.a(sprintf.o)
                0x00003d28                sprintf
 .text.avr-libc
                0x00003d70      0x3ba d:/documents/zag group/programs/avr tools/02- tools/01- sdk/imt_sdk_win_64/imt_sdk_win_64/winavr/bin/../lib/gcc/avr/4.3.3/../../../../avr/lib/avr5\libc.a(vfprintf_std.o)
                0x00003d70                vfprintf
 .text.avr-libc
                0x0000412a       0x16 d:/documents/zag group/programs/avr tools/02- tools/01- sdk/imt_sdk_win_64/imt_sdk_win_64/winavr/bin/../lib/gcc/avr/4.3.3/../../../../avr/lib/avr5\libc.a(strnlen_P.o)
                0x0000412a                strnlen_P
 .text.avr-libc
                0x00004140       0x16 d:/documents/zag group/programs/avr tools/02- tools/01- sdk/imt_sdk_win_64/imt_sdk_win_64/winavr/bin/../lib/gcc/avr/4.3.3/../../../../avr/lib/avr5\libc.a(strnlen.o)
                0x00004140                strnlen
 .text.avr-libc
                0x00004156       0x58 d:/documents/zag group/programs/avr tools/02- tools/01- sdk/imt_sdk_win_64/imt_sdk_win_64/winavr/bin/../lib/gcc/avr/4.3.3/../../../../avr/lib/avr5\libc.a(fputc.o)
                0x00004156                fputc
 .text.avr-libc
                0x000041ae       0xbc d:/documents/zag group/programs/avr tools/02- tools/01- sdk/imt_sdk_win_64/imt_sdk_win_64/winavr/bin/../lib/gcc/avr/4.3.3/../../../../avr/lib/avr5\libc.a(ultoa_invert.o)
                0x000041ae                __ultoa_invert
                0x0000426a                . = ALIGN (0x2)
 *(.fini9)
 .fini9         0x0000426a        0x0 d:/documents/zag group/programs/avr tools/02- tools/01- sdk/imt_sdk_win_64/imt_sdk_win_64/winavr/bin/../lib/gcc/avr/4.3.3/avr5\libgcc.a(_exit.o)
                0x0000426a                exit
                0x0000426a                _exit
 *(.fini9)
 *(.fini8)
 *(.fini8)
 *(.fini7)
 *(.fini7)
 *(.fini6)
 *(.fini6)
 *(.fini5)
 *(.fini5)
 *(.fini4)
 *(.fini4)
 *(.fini3)
 *(.fini3)
 *(.fini2)
 *(.fini2)
 *(.fini1)
 *(.fini1)
 *(.fini0)
 .fini0         0x0000426a        0x4 d:/documents/zag group/programs/avr tools/02- tools/01- sdk/imt_sdk_win_64/imt_sdk_win_64/winavr/bin/../lib/gcc/avr/4.3.3/avr5\libgcc.a(_exit.o)
 *(.fini0)
                0x0000426e                _etext = .

.data           0x00800060      0x1ac load address 0x0000426e
                0x00800060                PROVIDE (__data_start, .)
 *(.data)
 .data          0x00800060        0x0 d:/documents/zag group/programs/avr tools/02- tools/01- sdk/imt_sdk_win_64/imt_sdk_win_64/winavr/bin/../lib/gcc/avr/4.3.3/../../../../avr/lib/avr5/crtm32.o
 .data          0x00800060        0x0 ./EEPROM_program.o
 .data          0x00800060        0x0 ./ExtEEPROM_program.o
 .data          0x00800060       0x70 ./Function.o
 .data          0x008000d0        0x0 ./GPIO_program.o
 .data          0x008000d0        0x0 ./I2C_program.o
 .data          0x008000d0        0x0 ./I2Cfun_program.o
 .data          0x008000d0        0x0 ./KEYPAD_program.o
 .data          0x008000d0        0x3 ./LCD_program.o
 .data          0x008000d3        0x0 ./LED_program.o
 .data          0x008000d3        0x0 ./UART_program.o
 .data          0x008000d3       0x20 ./main.o
 .data          0x008000f3        0x0 d:/documents/zag group/programs/avr tools/02- tools/01- sdk/imt_sdk_win_64/imt_sdk_win_64/winavr/bin/../lib/gcc/avr/4.3.3/avr5\libgcc.a(_udivmodsi4.o)
 .data          0x008000f3        0x0 d:/documents/zag group/programs/avr tools/02- tools/01- sdk/imt_sdk_win_64/imt_sdk_win_64/winavr/bin/../lib/gcc/avr/4.3.3/avr5\libgcc.a(_exit.o)
 .data          0x008000f3        0x0 d:/documents/zag group/programs/avr tools/02- tools/01- sdk/imt_sdk_win_64/imt_sdk_win_64/winavr/bin/../lib/gcc/avr/4.3.3/avr5\libgcc.a(_copy_data.o)
 .data          0x008000f3        0x0 d:/documents/zag group/programs/avr tools/02- tools/01- sdk/imt_sdk_win_64/imt_sdk_win_64/winavr/bin/../lib/gcc/avr/4.3.3/avr5\libgcc.a(_clear_bss.o)
 .data          0x008000f3        0x0 d:/documents/zag group/programs/avr tools/02- tools/01- sdk/imt_sdk_win_64/imt_sdk_win_64/winavr/bin/../lib/gcc/avr/4.3.3/avr5\libgcc.a(_fixunssfsi.o)
 .data          0x008000f3        0x0 d:/documents/zag group/programs/avr tools/02- tools/01- sdk/imt_sdk_win_64/imt_sdk_win_64/winavr/bin/../lib/gcc/avr/4.3.3/avr5\libgcc.a(_addsub_sf.o)
 .data          0x008000f3        0x0 d:/documents/zag group/programs/avr tools/02- tools/01- sdk/imt_sdk_win_64/imt_sdk_win_64/winavr/bin/../lib/gcc/avr/4.3.3/avr5\libgcc.a(_mul_sf.o)
 .data          0x008000f3        0x0 d:/documents/zag group/programs/avr tools/02- tools/01- sdk/imt_sdk_win_64/imt_sdk_win_64/winavr/bin/../lib/gcc/avr/4.3.3/avr5\libgcc.a(_gt_sf.o)
 .data          0x008000f3        0x0 d:/documents/zag group/programs/avr tools/02- tools/01- sdk/imt_sdk_win_64/imt_sdk_win_64/winavr/bin/../lib/gcc/avr/4.3.3/avr5\libgcc.a(_ge_sf.o)
 .data          0x008000f3        0x0 d:/documents/zag group/programs/avr tools/02- tools/01- sdk/imt_sdk_win_64/imt_sdk_win_64/winavr/bin/../lib/gcc/avr/4.3.3/avr5\libgcc.a(_lt_sf.o)
 .data          0x008000f3        0x0 d:/documents/zag group/programs/avr tools/02- tools/01- sdk/imt_sdk_win_64/imt_sdk_win_64/winavr/bin/../lib/gcc/avr/4.3.3/avr5\libgcc.a(_si_to_sf.o)
 .data          0x008000f3        0x0 d:/documents/zag group/programs/avr tools/02- tools/01- sdk/imt_sdk_win_64/imt_sdk_win_64/winavr/bin/../lib/gcc/avr/4.3.3/avr5\libgcc.a(_sf_to_si.o)
 .data          0x008000f3        0x8 d:/documents/zag group/programs/avr tools/02- tools/01- sdk/imt_sdk_win_64/imt_sdk_win_64/winavr/bin/../lib/gcc/avr/4.3.3/avr5\libgcc.a(_thenan_sf.o)
                0x008000f3                __thenan_sf
 .data          0x008000fb        0x0 d:/documents/zag group/programs/avr tools/02- tools/01- sdk/imt_sdk_win_64/imt_sdk_win_64/winavr/bin/../lib/gcc/avr/4.3.3/avr5\libgcc.a(_usi_to_sf.o)
 .data          0x008000fb        0x0 d:/documents/zag group/programs/avr tools/02- tools/01- sdk/imt_sdk_win_64/imt_sdk_win_64/winavr/bin/../lib/gcc/avr/4.3.3/avr5\libgcc.a(_prologue.o)
 .data          0x008000fb        0x0 d:/documents/zag group/programs/avr tools/02- tools/01- sdk/imt_sdk_win_64/imt_sdk_win_64/winavr/bin/../lib/gcc/avr/4.3.3/avr5\libgcc.a(_epilogue.o)
 .data          0x008000fb        0x0 d:/documents/zag group/programs/avr tools/02- tools/01- sdk/imt_sdk_win_64/imt_sdk_win_64/winavr/bin/../lib/gcc/avr/4.3.3/avr5\libgcc.a(_clzsi2.o)
 .data          0x008000fb        0x0 d:/documents/zag group/programs/avr tools/02- tools/01- sdk/imt_sdk_win_64/imt_sdk_win_64/winavr/bin/../lib/gcc/avr/4.3.3/avr5\libgcc.a(_pack_sf.o)
 .data          0x008000fb        0x0 d:/documents/zag group/programs/avr tools/02- tools/01- sdk/imt_sdk_win_64/imt_sdk_win_64/winavr/bin/../lib/gcc/avr/4.3.3/avr5\libgcc.a(_unpack_sf.o)
 .data          0x008000fb        0x0 d:/documents/zag group/programs/avr tools/02- tools/01- sdk/imt_sdk_win_64/imt_sdk_win_64/winavr/bin/../lib/gcc/avr/4.3.3/avr5\libgcc.a(_fpcmp_parts_sf.o)
 .data          0x008000fb      0x100 d:/documents/zag group/programs/avr tools/02- tools/01- sdk/imt_sdk_win_64/imt_sdk_win_64/winavr/bin/../lib/gcc/avr/4.3.3/avr5\libgcc.a(_clz.o)
                0x008000fb                __clz_tab
 .data          0x008001fb        0x0 d:/documents/zag group/programs/avr tools/02- tools/01- sdk/imt_sdk_win_64/imt_sdk_win_64/winavr/bin/../lib/gcc/avr/4.3.3/../../../../avr/lib/avr5\libc.a(sprintf.o)
 .data          0x008001fb        0x0 d:/documents/zag group/programs/avr tools/02- tools/01- sdk/imt_sdk_win_64/imt_sdk_win_64/winavr/bin/../lib/gcc/avr/4.3.3/../../../../avr/lib/avr5\libc.a(vfprintf_std.o)
 .data          0x008001fb        0x0 d:/documents/zag group/programs/avr tools/02- tools/01- sdk/imt_sdk_win_64/imt_sdk_win_64/winavr/bin/../lib/gcc/avr/4.3.3/../../../../avr/lib/avr5\libc.a(strnlen_P.o)
 .data          0x008001fb        0x0 d:/documents/zag group/programs/avr tools/02- tools/01- sdk/imt_sdk_win_64/imt_sdk_win_64/winavr/bin/../lib/gcc/avr/4.3.3/../../../../avr/lib/avr5\libc.a(strnlen.o)
 .data          0x008001fb        0x0 d:/documents/zag group/programs/avr tools/02- tools/01- sdk/imt_sdk_win_64/imt_sdk_win_64/winavr/bin/../lib/gcc/avr/4.3.3/../../../../avr/lib/avr5\libc.a(fputc.o)
 .data          0x008001fb        0x0 d:/documents/zag group/programs/avr tools/02- tools/01- sdk/imt_sdk_win_64/imt_sdk_win_64/winavr/bin/../lib/gcc/avr/4.3.3/../../../../avr/lib/avr5\libc.a(ultoa_invert.o)
 *(.data*)
 .data.Keypad   0x008001fb       0x10 ./KEYPAD_program.o
                0x008001fb                Keypad
 *(.rodata)
 *(.rodata*)
 *(.gnu.linkonce.d*)
                0x0080020c                . = ALIGN (0x2)
 *fill*         0x0080020b        0x1 00
                0x0080020c                _edata = .
                0x0080020c                PROVIDE (__data_end, .)

.bss            0x0080020c       0x10
                0x0080020c                PROVIDE (__bss_start, .)
 *(.bss)
 .bss           0x0080020c        0x0 d:/documents/zag group/programs/avr tools/02- tools/01- sdk/imt_sdk_win_64/imt_sdk_win_64/winavr/bin/../lib/gcc/avr/4.3.3/../../../../avr/lib/avr5/crtm32.o
 .bss           0x0080020c        0x0 ./EEPROM_program.o
 .bss           0x0080020c        0x0 ./ExtEEPROM_program.o
 .bss           0x0080020c        0x0 ./Function.o
 .bss           0x0080020c        0x0 ./GPIO_program.o
 .bss           0x0080020c        0x0 ./I2C_program.o
 .bss           0x0080020c        0x0 ./I2Cfun_program.o
 .bss           0x0080020c        0x0 ./KEYPAD_program.o
 .bss           0x0080020c        0x0 ./LCD_program.o
 .bss           0x0080020c        0x0 ./LED_program.o
 .bss           0x0080020c        0x0 ./UART_program.o
 .bss           0x0080020c        0x0 ./main.o
 .bss           0x0080020c        0x0 d:/documents/zag group/programs/avr tools/02- tools/01- sdk/imt_sdk_win_64/imt_sdk_win_64/winavr/bin/../lib/gcc/avr/4.3.3/avr5\libgcc.a(_udivmodsi4.o)
 .bss           0x0080020c        0x0 d:/documents/zag group/programs/avr tools/02- tools/01- sdk/imt_sdk_win_64/imt_sdk_win_64/winavr/bin/../lib/gcc/avr/4.3.3/avr5\libgcc.a(_exit.o)
 .bss           0x0080020c        0x0 d:/documents/zag group/programs/avr tools/02- tools/01- sdk/imt_sdk_win_64/imt_sdk_win_64/winavr/bin/../lib/gcc/avr/4.3.3/avr5\libgcc.a(_copy_data.o)
 .bss           0x0080020c        0x0 d:/documents/zag group/programs/avr tools/02- tools/01- sdk/imt_sdk_win_64/imt_sdk_win_64/winavr/bin/../lib/gcc/avr/4.3.3/avr5\libgcc.a(_clear_bss.o)
 .bss           0x0080020c        0x0 d:/documents/zag group/programs/avr tools/02- tools/01- sdk/imt_sdk_win_64/imt_sdk_win_64/winavr/bin/../lib/gcc/avr/4.3.3/avr5\libgcc.a(_fixunssfsi.o)
 .bss           0x0080020c        0x0 d:/documents/zag group/programs/avr tools/02- tools/01- sdk/imt_sdk_win_64/imt_sdk_win_64/winavr/bin/../lib/gcc/avr/4.3.3/avr5\libgcc.a(_addsub_sf.o)
 .bss           0x0080020c        0x0 d:/documents/zag group/programs/avr tools/02- tools/01- sdk/imt_sdk_win_64/imt_sdk_win_64/winavr/bin/../lib/gcc/avr/4.3.3/avr5\libgcc.a(_mul_sf.o)
 .bss           0x0080020c        0x0 d:/documents/zag group/programs/avr tools/02- tools/01- sdk/imt_sdk_win_64/imt_sdk_win_64/winavr/bin/../lib/gcc/avr/4.3.3/avr5\libgcc.a(_gt_sf.o)
 .bss           0x0080020c        0x0 d:/documents/zag group/programs/avr tools/02- tools/01- sdk/imt_sdk_win_64/imt_sdk_win_64/winavr/bin/../lib/gcc/avr/4.3.3/avr5\libgcc.a(_ge_sf.o)
 .bss           0x0080020c        0x0 d:/documents/zag group/programs/avr tools/02- tools/01- sdk/imt_sdk_win_64/imt_sdk_win_64/winavr/bin/../lib/gcc/avr/4.3.3/avr5\libgcc.a(_lt_sf.o)
 .bss           0x0080020c        0x0 d:/documents/zag group/programs/avr tools/02- tools/01- sdk/imt_sdk_win_64/imt_sdk_win_64/winavr/bin/../lib/gcc/avr/4.3.3/avr5\libgcc.a(_si_to_sf.o)
 .bss           0x0080020c        0x0 d:/documents/zag group/programs/avr tools/02- tools/01- sdk/imt_sdk_win_64/imt_sdk_win_64/winavr/bin/../lib/gcc/avr/4.3.3/avr5\libgcc.a(_sf_to_si.o)
 .bss           0x0080020c        0x0 d:/documents/zag group/programs/avr tools/02- tools/01- sdk/imt_sdk_win_64/imt_sdk_win_64/winavr/bin/../lib/gcc/avr/4.3.3/avr5\libgcc.a(_thenan_sf.o)
 .bss           0x0080020c        0x0 d:/documents/zag group/programs/avr tools/02- tools/01- sdk/imt_sdk_win_64/imt_sdk_win_64/winavr/bin/../lib/gcc/avr/4.3.3/avr5\libgcc.a(_usi_to_sf.o)
 .bss           0x0080020c        0x0 d:/documents/zag group/programs/avr tools/02- tools/01- sdk/imt_sdk_win_64/imt_sdk_win_64/winavr/bin/../lib/gcc/avr/4.3.3/avr5\libgcc.a(_prologue.o)
 .bss           0x0080020c        0x0 d:/documents/zag group/programs/avr tools/02- tools/01- sdk/imt_sdk_win_64/imt_sdk_win_64/winavr/bin/../lib/gcc/avr/4.3.3/avr5\libgcc.a(_epilogue.o)
 .bss           0x0080020c        0x0 d:/documents/zag group/programs/avr tools/02- tools/01- sdk/imt_sdk_win_64/imt_sdk_win_64/winavr/bin/../lib/gcc/avr/4.3.3/avr5\libgcc.a(_clzsi2.o)
 .bss           0x0080020c        0x0 d:/documents/zag group/programs/avr tools/02- tools/01- sdk/imt_sdk_win_64/imt_sdk_win_64/winavr/bin/../lib/gcc/avr/4.3.3/avr5\libgcc.a(_pack_sf.o)
 .bss           0x0080020c        0x0 d:/documents/zag group/programs/avr tools/02- tools/01- sdk/imt_sdk_win_64/imt_sdk_win_64/winavr/bin/../lib/gcc/avr/4.3.3/avr5\libgcc.a(_unpack_sf.o)
 .bss           0x0080020c        0x0 d:/documents/zag group/programs/avr tools/02- tools/01- sdk/imt_sdk_win_64/imt_sdk_win_64/winavr/bin/../lib/gcc/avr/4.3.3/avr5\libgcc.a(_fpcmp_parts_sf.o)
 .bss           0x0080020c        0x0 d:/documents/zag group/programs/avr tools/02- tools/01- sdk/imt_sdk_win_64/imt_sdk_win_64/winavr/bin/../lib/gcc/avr/4.3.3/avr5\libgcc.a(_clz.o)
 .bss           0x0080020c        0x0 d:/documents/zag group/programs/avr tools/02- tools/01- sdk/imt_sdk_win_64/imt_sdk_win_64/winavr/bin/../lib/gcc/avr/4.3.3/../../../../avr/lib/avr5\libc.a(sprintf.o)
 .bss           0x0080020c        0x0 d:/documents/zag group/programs/avr tools/02- tools/01- sdk/imt_sdk_win_64/imt_sdk_win_64/winavr/bin/../lib/gcc/avr/4.3.3/../../../../avr/lib/avr5\libc.a(vfprintf_std.o)
 .bss           0x0080020c        0x0 d:/documents/zag group/programs/avr tools/02- tools/01- sdk/imt_sdk_win_64/imt_sdk_win_64/winavr/bin/../lib/gcc/avr/4.3.3/../../../../avr/lib/avr5\libc.a(strnlen_P.o)
 .bss           0x0080020c        0x0 d:/documents/zag group/programs/avr tools/02- tools/01- sdk/imt_sdk_win_64/imt_sdk_win_64/winavr/bin/../lib/gcc/avr/4.3.3/../../../../avr/lib/avr5\libc.a(strnlen.o)
 .bss           0x0080020c        0x0 d:/documents/zag group/programs/avr tools/02- tools/01- sdk/imt_sdk_win_64/imt_sdk_win_64/winavr/bin/../lib/gcc/avr/4.3.3/../../../../avr/lib/avr5\libc.a(fputc.o)
 .bss           0x0080020c        0x0 d:/documents/zag group/programs/avr tools/02- tools/01- sdk/imt_sdk_win_64/imt_sdk_win_64/winavr/bin/../lib/gcc/avr/4.3.3/../../../../avr/lib/avr5\libc.a(ultoa_invert.o)
 *(.bss*)
 *(COMMON)
 COMMON         0x0080020c        0x8 ./Function.o
                0x0080020c                Index
                0x0080020d                PassKey
                0x0080020e                PassWord
                0x00800213                PassIndex
 COMMON         0x00800214        0x6 ./UART_program.o
                0x00800214                CB_UDR
                0x00800216                CB_TX
                0x00800218                CB_RX
 COMMON         0x0080021a        0x2 ./main.o
                0x0080021a                Correct
                0x0080021b                Key
                0x0080021c                PROVIDE (__bss_end, .)
                0x0000426e                __data_load_start = LOADADDR (.data)
                0x0000441a                __data_load_end = (__data_load_start + SIZEOF (.data))

.noinit         0x0080021c        0x0
                0x0080021c                PROVIDE (__noinit_start, .)
 *(.noinit*)
                0x0080021c                PROVIDE (__noinit_end, .)
                0x0080021c                _end = .
                0x0080021c                PROVIDE (__heap_start, .)

.eeprom         0x00810000        0x0
 *(.eeprom*)
                0x00810000                __eeprom_end = .

.fuse
 *(.fuse)
 *(.lfuse)
 *(.hfuse)
 *(.efuse)

.lock
 *(.lock*)

.signature
 *(.signature*)

.stab           0x00000000     0x39a8
 *(.stab)
 .stab          0x00000000      0x210 ./EEPROM_program.o
 .stab          0x00000210      0x210 ./ExtEEPROM_program.o
                                0x258 (size before relaxing)
 .stab          0x00000420      0xd8c ./Function.o
                                0xdd4 (size before relaxing)
 .stab          0x000011ac      0x78c ./GPIO_program.o
                                0x7d4 (size before relaxing)
 .stab          0x00001938      0x420 ./I2C_program.o
                                0x468 (size before relaxing)
 .stab          0x00001d58      0x1f8 ./I2Cfun_program.o
                                0x240 (size before relaxing)
 .stab          0x00001f50      0x24c ./KEYPAD_program.o
                                0x294 (size before relaxing)
 .stab          0x0000219c      0xc90 ./LCD_program.o
                                0xe64 (size before relaxing)
 .stab          0x00002e2c      0x1e0 ./LED_program.o
                                0x228 (size before relaxing)
 .stab          0x0000300c      0x534 ./UART_program.o
                                0x57c (size before relaxing)
 .stab          0x00003540      0x468 ./main.o
                                0x63c (size before relaxing)

.stabstr        0x00000000     0x1206
 *(.stabstr)
 .stabstr       0x00000000     0x1206 ./EEPROM_program.o

.stab.excl
 *(.stab.excl)

.stab.exclstr
 *(.stab.exclstr)

.stab.index
 *(.stab.index)

.stab.indexstr
 *(.stab.indexstr)

.comment
 *(.comment)

.debug
 *(.debug)

.line
 *(.line)

.debug_srcinfo
 *(.debug_srcinfo)

.debug_sfnames
 *(.debug_sfnames)

.debug_aranges  0x00000000      0x1a0
 *(.debug_aranges)
 .debug_aranges
                0x00000000       0x20 d:/documents/zag group/programs/avr tools/02- tools/01- sdk/imt_sdk_win_64/imt_sdk_win_64/winavr/bin/../lib/gcc/avr/4.3.3/avr5\libgcc.a(_fixunssfsi.o)
 .debug_aranges
                0x00000020       0x20 d:/documents/zag group/programs/avr tools/02- tools/01- sdk/imt_sdk_win_64/imt_sdk_win_64/winavr/bin/../lib/gcc/avr/4.3.3/avr5\libgcc.a(_addsub_sf.o)
 .debug_aranges
                0x00000040       0x20 d:/documents/zag group/programs/avr tools/02- tools/01- sdk/imt_sdk_win_64/imt_sdk_win_64/winavr/bin/../lib/gcc/avr/4.3.3/avr5\libgcc.a(_mul_sf.o)
 .debug_aranges
                0x00000060       0x20 d:/documents/zag group/programs/avr tools/02- tools/01- sdk/imt_sdk_win_64/imt_sdk_win_64/winavr/bin/../lib/gcc/avr/4.3.3/avr5\libgcc.a(_gt_sf.o)
 .debug_aranges
                0x00000080       0x20 d:/documents/zag group/programs/avr tools/02- tools/01- sdk/imt_sdk_win_64/imt_sdk_win_64/winavr/bin/../lib/gcc/avr/4.3.3/avr5\libgcc.a(_ge_sf.o)
 .debug_aranges
                0x000000a0       0x20 d:/documents/zag group/programs/avr tools/02- tools/01- sdk/imt_sdk_win_64/imt_sdk_win_64/winavr/bin/../lib/gcc/avr/4.3.3/avr5\libgcc.a(_lt_sf.o)
 .debug_aranges
                0x000000c0       0x20 d:/documents/zag group/programs/avr tools/02- tools/01- sdk/imt_sdk_win_64/imt_sdk_win_64/winavr/bin/../lib/gcc/avr/4.3.3/avr5\libgcc.a(_si_to_sf.o)
 .debug_aranges
                0x000000e0       0x20 d:/documents/zag group/programs/avr tools/02- tools/01- sdk/imt_sdk_win_64/imt_sdk_win_64/winavr/bin/../lib/gcc/avr/4.3.3/avr5\libgcc.a(_sf_to_si.o)
 .debug_aranges
                0x00000100       0x20 d:/documents/zag group/programs/avr tools/02- tools/01- sdk/imt_sdk_win_64/imt_sdk_win_64/winavr/bin/../lib/gcc/avr/4.3.3/avr5\libgcc.a(_usi_to_sf.o)
 .debug_aranges
                0x00000120       0x20 d:/documents/zag group/programs/avr tools/02- tools/01- sdk/imt_sdk_win_64/imt_sdk_win_64/winavr/bin/../lib/gcc/avr/4.3.3/avr5\libgcc.a(_clzsi2.o)
 .debug_aranges
                0x00000140       0x20 d:/documents/zag group/programs/avr tools/02- tools/01- sdk/imt_sdk_win_64/imt_sdk_win_64/winavr/bin/../lib/gcc/avr/4.3.3/avr5\libgcc.a(_pack_sf.o)
 .debug_aranges
                0x00000160       0x20 d:/documents/zag group/programs/avr tools/02- tools/01- sdk/imt_sdk_win_64/imt_sdk_win_64/winavr/bin/../lib/gcc/avr/4.3.3/avr5\libgcc.a(_unpack_sf.o)
 .debug_aranges
                0x00000180       0x20 d:/documents/zag group/programs/avr tools/02- tools/01- sdk/imt_sdk_win_64/imt_sdk_win_64/winavr/bin/../lib/gcc/avr/4.3.3/avr5\libgcc.a(_fpcmp_parts_sf.o)

.debug_pubnames
                0x00000000      0x1f5
 *(.debug_pubnames)
 .debug_pubnames
                0x00000000       0x23 d:/documents/zag group/programs/avr tools/02- tools/01- sdk/imt_sdk_win_64/imt_sdk_win_64/winavr/bin/../lib/gcc/avr/4.3.3/avr5\libgcc.a(_fixunssfsi.o)
 .debug_pubnames
                0x00000023       0x2c d:/documents/zag group/programs/avr tools/02- tools/01- sdk/imt_sdk_win_64/imt_sdk_win_64/winavr/bin/../lib/gcc/avr/4.3.3/avr5\libgcc.a(_addsub_sf.o)
 .debug_pubnames
                0x0000004f       0x1f d:/documents/zag group/programs/avr tools/02- tools/01- sdk/imt_sdk_win_64/imt_sdk_win_64/winavr/bin/../lib/gcc/avr/4.3.3/avr5\libgcc.a(_mul_sf.o)
 .debug_pubnames
                0x0000006e       0x1e d:/documents/zag group/programs/avr tools/02- tools/01- sdk/imt_sdk_win_64/imt_sdk_win_64/winavr/bin/../lib/gcc/avr/4.3.3/avr5\libgcc.a(_gt_sf.o)
 .debug_pubnames
                0x0000008c       0x1e d:/documents/zag group/programs/avr tools/02- tools/01- sdk/imt_sdk_win_64/imt_sdk_win_64/winavr/bin/../lib/gcc/avr/4.3.3/avr5\libgcc.a(_ge_sf.o)
 .debug_pubnames
                0x000000aa       0x1e d:/documents/zag group/programs/avr tools/02- tools/01- sdk/imt_sdk_win_64/imt_sdk_win_64/winavr/bin/../lib/gcc/avr/4.3.3/avr5\libgcc.a(_lt_sf.o)
 .debug_pubnames
                0x000000c8       0x22 d:/documents/zag group/programs/avr tools/02- tools/01- sdk/imt_sdk_win_64/imt_sdk_win_64/winavr/bin/../lib/gcc/avr/4.3.3/avr5\libgcc.a(_si_to_sf.o)
 .debug_pubnames
                0x000000ea       0x20 d:/documents/zag group/programs/avr tools/02- tools/01- sdk/imt_sdk_win_64/imt_sdk_win_64/winavr/bin/../lib/gcc/avr/4.3.3/avr5\libgcc.a(_sf_to_si.o)
 .debug_pubnames
                0x0000010a       0x22 d:/documents/zag group/programs/avr tools/02- tools/01- sdk/imt_sdk_win_64/imt_sdk_win_64/winavr/bin/../lib/gcc/avr/4.3.3/avr5\libgcc.a(_thenan_sf.o)
 .debug_pubnames
                0x0000012c       0x24 d:/documents/zag group/programs/avr tools/02- tools/01- sdk/imt_sdk_win_64/imt_sdk_win_64/winavr/bin/../lib/gcc/avr/4.3.3/avr5\libgcc.a(_usi_to_sf.o)
 .debug_pubnames
                0x00000150       0x1f d:/documents/zag group/programs/avr tools/02- tools/01- sdk/imt_sdk_win_64/imt_sdk_win_64/winavr/bin/../lib/gcc/avr/4.3.3/avr5\libgcc.a(_clzsi2.o)
 .debug_pubnames
                0x0000016f       0x1f d:/documents/zag group/programs/avr tools/02- tools/01- sdk/imt_sdk_win_64/imt_sdk_win_64/winavr/bin/../lib/gcc/avr/4.3.3/avr5\libgcc.a(_pack_sf.o)
 .debug_pubnames
                0x0000018e       0x21 d:/documents/zag group/programs/avr tools/02- tools/01- sdk/imt_sdk_win_64/imt_sdk_win_64/winavr/bin/../lib/gcc/avr/4.3.3/avr5\libgcc.a(_unpack_sf.o)
 .debug_pubnames
                0x000001af       0x26 d:/documents/zag group/programs/avr tools/02- tools/01- sdk/imt_sdk_win_64/imt_sdk_win_64/winavr/bin/../lib/gcc/avr/4.3.3/avr5\libgcc.a(_fpcmp_parts_sf.o)
 .debug_pubnames
                0x000001d5       0x20 d:/documents/zag group/programs/avr tools/02- tools/01- sdk/imt_sdk_win_64/imt_sdk_win_64/winavr/bin/../lib/gcc/avr/4.3.3/avr5\libgcc.a(_clz.o)

.debug_info     0x00000000     0x2216
 *(.debug_info)
 .debug_info    0x00000000       0xb1 d:/documents/zag group/programs/avr tools/02- tools/01- sdk/imt_sdk_win_64/imt_sdk_win_64/winavr/bin/../lib/gcc/avr/4.3.3/avr5\libgcc.a(_fixunssfsi.o)
 .debug_info    0x000000b1      0x47a d:/documents/zag group/programs/avr tools/02- tools/01- sdk/imt_sdk_win_64/imt_sdk_win_64/winavr/bin/../lib/gcc/avr/4.3.3/avr5\libgcc.a(_addsub_sf.o)
 .debug_info    0x0000052b      0x485 d:/documents/zag group/programs/avr tools/02- tools/01- sdk/imt_sdk_win_64/imt_sdk_win_64/winavr/bin/../lib/gcc/avr/4.3.3/avr5\libgcc.a(_mul_sf.o)
 .debug_info    0x000009b0      0x27f d:/documents/zag group/programs/avr tools/02- tools/01- sdk/imt_sdk_win_64/imt_sdk_win_64/winavr/bin/../lib/gcc/avr/4.3.3/avr5\libgcc.a(_gt_sf.o)
 .debug_info    0x00000c2f      0x27f d:/documents/zag group/programs/avr tools/02- tools/01- sdk/imt_sdk_win_64/imt_sdk_win_64/winavr/bin/../lib/gcc/avr/4.3.3/avr5\libgcc.a(_ge_sf.o)
 .debug_info    0x00000eae      0x27f d:/documents/zag group/programs/avr tools/02- tools/01- sdk/imt_sdk_win_64/imt_sdk_win_64/winavr/bin/../lib/gcc/avr/4.3.3/avr5\libgcc.a(_lt_sf.o)
 .debug_info    0x0000112d      0x207 d:/documents/zag group/programs/avr tools/02- tools/01- sdk/imt_sdk_win_64/imt_sdk_win_64/winavr/bin/../lib/gcc/avr/4.3.3/avr5\libgcc.a(_si_to_sf.o)
 .debug_info    0x00001334      0x2b0 d:/documents/zag group/programs/avr tools/02- tools/01- sdk/imt_sdk_win_64/imt_sdk_win_64/winavr/bin/../lib/gcc/avr/4.3.3/avr5\libgcc.a(_sf_to_si.o)
 .debug_info    0x000015e4      0x12c d:/documents/zag group/programs/avr tools/02- tools/01- sdk/imt_sdk_win_64/imt_sdk_win_64/winavr/bin/../lib/gcc/avr/4.3.3/avr5\libgcc.a(_thenan_sf.o)
 .debug_info    0x00001710      0x206 d:/documents/zag group/programs/avr tools/02- tools/01- sdk/imt_sdk_win_64/imt_sdk_win_64/winavr/bin/../lib/gcc/avr/4.3.3/avr5\libgcc.a(_usi_to_sf.o)
 .debug_info    0x00001916      0x117 d:/documents/zag group/programs/avr tools/02- tools/01- sdk/imt_sdk_win_64/imt_sdk_win_64/winavr/bin/../lib/gcc/avr/4.3.3/avr5\libgcc.a(_clzsi2.o)
 .debug_info    0x00001a2d      0x2df d:/documents/zag group/programs/avr tools/02- tools/01- sdk/imt_sdk_win_64/imt_sdk_win_64/winavr/bin/../lib/gcc/avr/4.3.3/avr5\libgcc.a(_pack_sf.o)
 .debug_info    0x00001d0c      0x251 d:/documents/zag group/programs/avr tools/02- tools/01- sdk/imt_sdk_win_64/imt_sdk_win_64/winavr/bin/../lib/gcc/avr/4.3.3/avr5\libgcc.a(_unpack_sf.o)
 .debug_info    0x00001f5d      0x210 d:/documents/zag group/programs/avr tools/02- tools/01- sdk/imt_sdk_win_64/imt_sdk_win_64/winavr/bin/../lib/gcc/avr/4.3.3/avr5\libgcc.a(_fpcmp_parts_sf.o)
 .debug_info    0x0000216d       0xa9 d:/documents/zag group/programs/avr tools/02- tools/01- sdk/imt_sdk_win_64/imt_sdk_win_64/winavr/bin/../lib/gcc/avr/4.3.3/avr5\libgcc.a(_clz.o)
 *(.gnu.linkonce.wi.*)

.debug_abbrev   0x00000000     0x12b8
 *(.debug_abbrev)
 .debug_abbrev  0x00000000       0x5d d:/documents/zag group/programs/avr tools/02- tools/01- sdk/imt_sdk_win_64/imt_sdk_win_64/winavr/bin/../lib/gcc/avr/4.3.3/avr5\libgcc.a(_fixunssfsi.o)
 .debug_abbrev  0x0000005d      0x1ea d:/documents/zag group/programs/avr tools/02- tools/01- sdk/imt_sdk_win_64/imt_sdk_win_64/winavr/bin/../lib/gcc/avr/4.3.3/avr5\libgcc.a(_addsub_sf.o)
 .debug_abbrev  0x00000247      0x21b d:/documents/zag group/programs/avr tools/02- tools/01- sdk/imt_sdk_win_64/imt_sdk_win_64/winavr/bin/../lib/gcc/avr/4.3.3/avr5\libgcc.a(_mul_sf.o)
 .debug_abbrev  0x00000462      0x15a d:/documents/zag group/programs/avr tools/02- tools/01- sdk/imt_sdk_win_64/imt_sdk_win_64/winavr/bin/../lib/gcc/avr/4.3.3/avr5\libgcc.a(_gt_sf.o)
 .debug_abbrev  0x000005bc      0x15a d:/documents/zag group/programs/avr tools/02- tools/01- sdk/imt_sdk_win_64/imt_sdk_win_64/winavr/bin/../lib/gcc/avr/4.3.3/avr5\libgcc.a(_ge_sf.o)
 .debug_abbrev  0x00000716      0x15a d:/documents/zag group/programs/avr tools/02- tools/01- sdk/imt_sdk_win_64/imt_sdk_win_64/winavr/bin/../lib/gcc/avr/4.3.3/avr5\libgcc.a(_lt_sf.o)
 .debug_abbrev  0x00000870      0x148 d:/documents/zag group/programs/avr tools/02- tools/01- sdk/imt_sdk_win_64/imt_sdk_win_64/winavr/bin/../lib/gcc/avr/4.3.3/avr5\libgcc.a(_si_to_sf.o)
 .debug_abbrev  0x000009b8      0x17f d:/documents/zag group/programs/avr tools/02- tools/01- sdk/imt_sdk_win_64/imt_sdk_win_64/winavr/bin/../lib/gcc/avr/4.3.3/avr5\libgcc.a(_sf_to_si.o)
 .debug_abbrev  0x00000b37       0xad d:/documents/zag group/programs/avr tools/02- tools/01- sdk/imt_sdk_win_64/imt_sdk_win_64/winavr/bin/../lib/gcc/avr/4.3.3/avr5\libgcc.a(_thenan_sf.o)
 .debug_abbrev  0x00000be4      0x157 d:/documents/zag group/programs/avr tools/02- tools/01- sdk/imt_sdk_win_64/imt_sdk_win_64/winavr/bin/../lib/gcc/avr/4.3.3/avr5\libgcc.a(_usi_to_sf.o)
 .debug_abbrev  0x00000d3b       0xc4 d:/documents/zag group/programs/avr tools/02- tools/01- sdk/imt_sdk_win_64/imt_sdk_win_64/winavr/bin/../lib/gcc/avr/4.3.3/avr5\libgcc.a(_clzsi2.o)
 .debug_abbrev  0x00000dff      0x1c0 d:/documents/zag group/programs/avr tools/02- tools/01- sdk/imt_sdk_win_64/imt_sdk_win_64/winavr/bin/../lib/gcc/avr/4.3.3/avr5\libgcc.a(_pack_sf.o)
 .debug_abbrev  0x00000fbf      0x154 d:/documents/zag group/programs/avr tools/02- tools/01- sdk/imt_sdk_win_64/imt_sdk_win_64/winavr/bin/../lib/gcc/avr/4.3.3/avr5\libgcc.a(_unpack_sf.o)
 .debug_abbrev  0x00001113      0x13b d:/documents/zag group/programs/avr tools/02- tools/01- sdk/imt_sdk_win_64/imt_sdk_win_64/winavr/bin/../lib/gcc/avr/4.3.3/avr5\libgcc.a(_fpcmp_parts_sf.o)
 .debug_abbrev  0x0000124e       0x6a d:/documents/zag group/programs/avr tools/02- tools/01- sdk/imt_sdk_win_64/imt_sdk_win_64/winavr/bin/../lib/gcc/avr/4.3.3/avr5\libgcc.a(_clz.o)

.debug_line     0x00000000     0x1136
 *(.debug_line)
 .debug_line    0x00000000       0xa7 d:/documents/zag group/programs/avr tools/02- tools/01- sdk/imt_sdk_win_64/imt_sdk_win_64/winavr/bin/../lib/gcc/avr/4.3.3/avr5\libgcc.a(_fixunssfsi.o)
 .debug_line    0x000000a7      0x2af d:/documents/zag group/programs/avr tools/02- tools/01- sdk/imt_sdk_win_64/imt_sdk_win_64/winavr/bin/../lib/gcc/avr/4.3.3/avr5\libgcc.a(_addsub_sf.o)
 .debug_line    0x00000356      0x239 d:/documents/zag group/programs/avr tools/02- tools/01- sdk/imt_sdk_win_64/imt_sdk_win_64/winavr/bin/../lib/gcc/avr/4.3.3/avr5\libgcc.a(_mul_sf.o)
 .debug_line    0x0000058f       0xd3 d:/documents/zag group/programs/avr tools/02- tools/01- sdk/imt_sdk_win_64/imt_sdk_win_64/winavr/bin/../lib/gcc/avr/4.3.3/avr5\libgcc.a(_gt_sf.o)
 .debug_line    0x00000662       0xd3 d:/documents/zag group/programs/avr tools/02- tools/01- sdk/imt_sdk_win_64/imt_sdk_win_64/winavr/bin/../lib/gcc/avr/4.3.3/avr5\libgcc.a(_ge_sf.o)
 .debug_line    0x00000735       0xd3 d:/documents/zag group/programs/avr tools/02- tools/01- sdk/imt_sdk_win_64/imt_sdk_win_64/winavr/bin/../lib/gcc/avr/4.3.3/avr5\libgcc.a(_lt_sf.o)
 .debug_line    0x00000808      0x135 d:/documents/zag group/programs/avr tools/02- tools/01- sdk/imt_sdk_win_64/imt_sdk_win_64/winavr/bin/../lib/gcc/avr/4.3.3/avr5\libgcc.a(_si_to_sf.o)
 .debug_line    0x0000093d      0x109 d:/documents/zag group/programs/avr tools/02- tools/01- sdk/imt_sdk_win_64/imt_sdk_win_64/winavr/bin/../lib/gcc/avr/4.3.3/avr5\libgcc.a(_sf_to_si.o)
 .debug_line    0x00000a46       0x90 d:/documents/zag group/programs/avr tools/02- tools/01- sdk/imt_sdk_win_64/imt_sdk_win_64/winavr/bin/../lib/gcc/avr/4.3.3/avr5\libgcc.a(_thenan_sf.o)
 .debug_line    0x00000ad6      0x133 d:/documents/zag group/programs/avr tools/02- tools/01- sdk/imt_sdk_win_64/imt_sdk_win_64/winavr/bin/../lib/gcc/avr/4.3.3/avr5\libgcc.a(_usi_to_sf.o)
 .debug_line    0x00000c09       0xa5 d:/documents/zag group/programs/avr tools/02- tools/01- sdk/imt_sdk_win_64/imt_sdk_win_64/winavr/bin/../lib/gcc/avr/4.3.3/avr5\libgcc.a(_clzsi2.o)
 .debug_line    0x00000cae      0x18a d:/documents/zag group/programs/avr tools/02- tools/01- sdk/imt_sdk_win_64/imt_sdk_win_64/winavr/bin/../lib/gcc/avr/4.3.3/avr5\libgcc.a(_pack_sf.o)
 .debug_line    0x00000e38      0x14b d:/documents/zag group/programs/avr tools/02- tools/01- sdk/imt_sdk_win_64/imt_sdk_win_64/winavr/bin/../lib/gcc/avr/4.3.3/avr5\libgcc.a(_unpack_sf.o)
 .debug_line    0x00000f83      0x137 d:/documents/zag group/programs/avr tools/02- tools/01- sdk/imt_sdk_win_64/imt_sdk_win_64/winavr/bin/../lib/gcc/avr/4.3.3/avr5\libgcc.a(_fpcmp_parts_sf.o)
 .debug_line    0x000010ba       0x7c d:/documents/zag group/programs/avr tools/02- tools/01- sdk/imt_sdk_win_64/imt_sdk_win_64/winavr/bin/../lib/gcc/avr/4.3.3/avr5\libgcc.a(_clz.o)

.debug_frame    0x00000000      0x1c0
 *(.debug_frame)
 .debug_frame   0x00000000       0x20 d:/documents/zag group/programs/avr tools/02- tools/01- sdk/imt_sdk_win_64/imt_sdk_win_64/winavr/bin/../lib/gcc/avr/4.3.3/avr5\libgcc.a(_fixunssfsi.o)
 .debug_frame   0x00000020       0x40 d:/documents/zag group/programs/avr tools/02- tools/01- sdk/imt_sdk_win_64/imt_sdk_win_64/winavr/bin/../lib/gcc/avr/4.3.3/avr5\libgcc.a(_addsub_sf.o)
 .debug_frame   0x00000060       0x20 d:/documents/zag group/programs/avr tools/02- tools/01- sdk/imt_sdk_win_64/imt_sdk_win_64/winavr/bin/../lib/gcc/avr/4.3.3/avr5\libgcc.a(_mul_sf.o)
 .debug_frame   0x00000080       0x20 d:/documents/zag group/programs/avr tools/02- tools/01- sdk/imt_sdk_win_64/imt_sdk_win_64/winavr/bin/../lib/gcc/avr/4.3.3/avr5\libgcc.a(_gt_sf.o)
 .debug_frame   0x000000a0       0x20 d:/documents/zag group/programs/avr tools/02- tools/01- sdk/imt_sdk_win_64/imt_sdk_win_64/winavr/bin/../lib/gcc/avr/4.3.3/avr5\libgcc.a(_ge_sf.o)
 .debug_frame   0x000000c0       0x20 d:/documents/zag group/programs/avr tools/02- tools/01- sdk/imt_sdk_win_64/imt_sdk_win_64/winavr/bin/../lib/gcc/avr/4.3.3/avr5\libgcc.a(_lt_sf.o)
 .debug_frame   0x000000e0       0x20 d:/documents/zag group/programs/avr tools/02- tools/01- sdk/imt_sdk_win_64/imt_sdk_win_64/winavr/bin/../lib/gcc/avr/4.3.3/avr5\libgcc.a(_si_to_sf.o)
 .debug_frame   0x00000100       0x20 d:/documents/zag group/programs/avr tools/02- tools/01- sdk/imt_sdk_win_64/imt_sdk_win_64/winavr/bin/../lib/gcc/avr/4.3.3/avr5\libgcc.a(_sf_to_si.o)
 .debug_frame   0x00000120       0x20 d:/documents/zag group/programs/avr tools/02- tools/01- sdk/imt_sdk_win_64/imt_sdk_win_64/winavr/bin/../lib/gcc/avr/4.3.3/avr5\libgcc.a(_usi_to_sf.o)
 .debug_frame   0x00000140       0x20 d:/documents/zag group/programs/avr tools/02- tools/01- sdk/imt_sdk_win_64/imt_sdk_win_64/winavr/bin/../lib/gcc/avr/4.3.3/avr5\libgcc.a(_clzsi2.o)
 .debug_frame   0x00000160       0x20 d:/documents/zag group/programs/avr tools/02- tools/01- sdk/imt_sdk_win_64/imt_sdk_win_64/winavr/bin/../lib/gcc/avr/4.3.3/avr5\libgcc.a(_pack_sf.o)
 .debug_frame   0x00000180       0x20 d:/documents/zag group/programs/avr tools/02- tools/01- sdk/imt_sdk_win_64/imt_sdk_win_64/winavr/bin/../lib/gcc/avr/4.3.3/avr5\libgcc.a(_unpack_sf.o)
 .debug_frame   0x000001a0       0x20 d:/documents/zag group/programs/avr tools/02- tools/01- sdk/imt_sdk_win_64/imt_sdk_win_64/winavr/bin/../lib/gcc/avr/4.3.3/avr5\libgcc.a(_fpcmp_parts_sf.o)

.debug_str      0x00000000      0x2d2
 *(.debug_str)
 .debug_str     0x00000000       0xbf d:/documents/zag group/programs/avr tools/02- tools/01- sdk/imt_sdk_win_64/imt_sdk_win_64/winavr/bin/../lib/gcc/avr/4.3.3/avr5\libgcc.a(_fixunssfsi.o)
                                 0xfe (size before relaxing)
 .debug_str     0x000000bf      0x14d d:/documents/zag group/programs/avr tools/02- tools/01- sdk/imt_sdk_win_64/imt_sdk_win_64/winavr/bin/../lib/gcc/avr/4.3.3/avr5\libgcc.a(_addsub_sf.o)
                                0x206 (size before relaxing)
 .debug_str     0x0000020c       0x27 d:/documents/zag group/programs/avr tools/02- tools/01- sdk/imt_sdk_win_64/imt_sdk_win_64/winavr/bin/../lib/gcc/avr/4.3.3/avr5\libgcc.a(_mul_sf.o)
                                0x1bf (size before relaxing)
 .debug_str     0x00000233        0x8 d:/documents/zag group/programs/avr tools/02- tools/01- sdk/imt_sdk_win_64/imt_sdk_win_64/winavr/bin/../lib/gcc/avr/4.3.3/avr5\libgcc.a(_gt_sf.o)
                                0x195 (size before relaxing)
 .debug_str     0x0000023b        0x8 d:/documents/zag group/programs/avr tools/02- tools/01- sdk/imt_sdk_win_64/imt_sdk_win_64/winavr/bin/../lib/gcc/avr/4.3.3/avr5\libgcc.a(_ge_sf.o)
                                0x195 (size before relaxing)
 .debug_str     0x00000243        0x8 d:/documents/zag group/programs/avr tools/02- tools/01- sdk/imt_sdk_win_64/imt_sdk_win_64/winavr/bin/../lib/gcc/avr/4.3.3/avr5\libgcc.a(_lt_sf.o)
                                0x195 (size before relaxing)
 .debug_str     0x0000024b       0x1e d:/documents/zag group/programs/avr tools/02- tools/01- sdk/imt_sdk_win_64/imt_sdk_win_64/winavr/bin/../lib/gcc/avr/4.3.3/avr5\libgcc.a(_si_to_sf.o)
                                0x17b (size before relaxing)
 .debug_str     0x00000269        0xa d:/documents/zag group/programs/avr tools/02- tools/01- sdk/imt_sdk_win_64/imt_sdk_win_64/winavr/bin/../lib/gcc/avr/4.3.3/avr5\libgcc.a(_sf_to_si.o)
                                0x19e (size before relaxing)
 .debug_str     0x00000000      0x103 d:/documents/zag group/programs/avr tools/02- tools/01- sdk/imt_sdk_win_64/imt_sdk_win_64/winavr/bin/../lib/gcc/avr/4.3.3/avr5\libgcc.a(_thenan_sf.o)
 .debug_str     0x00000273       0x14 d:/documents/zag group/programs/avr tools/02- tools/01- sdk/imt_sdk_win_64/imt_sdk_win_64/winavr/bin/../lib/gcc/avr/4.3.3/avr5\libgcc.a(_usi_to_sf.o)
                                0x177 (size before relaxing)
 .debug_str     0x00000287       0x20 d:/documents/zag group/programs/avr tools/02- tools/01- sdk/imt_sdk_win_64/imt_sdk_win_64/winavr/bin/../lib/gcc/avr/4.3.3/avr5\libgcc.a(_clzsi2.o)
                                0x111 (size before relaxing)
 .debug_str     0x000002a7       0x10 d:/documents/zag group/programs/avr tools/02- tools/01- sdk/imt_sdk_win_64/imt_sdk_win_64/winavr/bin/../lib/gcc/avr/4.3.3/avr5\libgcc.a(_pack_sf.o)
                                0x19d (size before relaxing)
 .debug_str     0x000002b7        0xb d:/documents/zag group/programs/avr tools/02- tools/01- sdk/imt_sdk_win_64/imt_sdk_win_64/winavr/bin/../lib/gcc/avr/4.3.3/avr5\libgcc.a(_unpack_sf.o)
                                0x17f (size before relaxing)
 .debug_str     0x000002c2       0x10 d:/documents/zag group/programs/avr tools/02- tools/01- sdk/imt_sdk_win_64/imt_sdk_win_64/winavr/bin/../lib/gcc/avr/4.3.3/avr5\libgcc.a(_fpcmp_parts_sf.o)
                                0x163 (size before relaxing)
 .debug_str     0x00000000       0xf4 d:/documents/zag group/programs/avr tools/02- tools/01- sdk/imt_sdk_win_64/imt_sdk_win_64/winavr/bin/../lib/gcc/avr/4.3.3/avr5\libgcc.a(_clz.o)

.debug_loc      0x00000000      0x95a
 *(.debug_loc)
 .debug_loc     0x00000000       0x34 d:/documents/zag group/programs/avr tools/02- tools/01- sdk/imt_sdk_win_64/imt_sdk_win_64/winavr/bin/../lib/gcc/avr/4.3.3/avr5\libgcc.a(_fixunssfsi.o)
 .debug_loc     0x00000034      0x32a d:/documents/zag group/programs/avr tools/02- tools/01- sdk/imt_sdk_win_64/imt_sdk_win_64/winavr/bin/../lib/gcc/avr/4.3.3/avr5\libgcc.a(_addsub_sf.o)
 .debug_loc     0x0000035e      0x104 d:/documents/zag group/programs/avr tools/02- tools/01- sdk/imt_sdk_win_64/imt_sdk_win_64/winavr/bin/../lib/gcc/avr/4.3.3/avr5\libgcc.a(_mul_sf.o)
 .debug_loc     0x00000462       0x3c d:/documents/zag group/programs/avr tools/02- tools/01- sdk/imt_sdk_win_64/imt_sdk_win_64/winavr/bin/../lib/gcc/avr/4.3.3/avr5\libgcc.a(_gt_sf.o)
 .debug_loc     0x0000049e       0x3c d:/documents/zag group/programs/avr tools/02- tools/01- sdk/imt_sdk_win_64/imt_sdk_win_64/winavr/bin/../lib/gcc/avr/4.3.3/avr5\libgcc.a(_ge_sf.o)
 .debug_loc     0x000004da       0x3c d:/documents/zag group/programs/avr tools/02- tools/01- sdk/imt_sdk_win_64/imt_sdk_win_64/winavr/bin/../lib/gcc/avr/4.3.3/avr5\libgcc.a(_lt_sf.o)
 .debug_loc     0x00000516       0xac d:/documents/zag group/programs/avr tools/02- tools/01- sdk/imt_sdk_win_64/imt_sdk_win_64/winavr/bin/../lib/gcc/avr/4.3.3/avr5\libgcc.a(_si_to_sf.o)
 .debug_loc     0x000005c2       0x7e d:/documents/zag group/programs/avr tools/02- tools/01- sdk/imt_sdk_win_64/imt_sdk_win_64/winavr/bin/../lib/gcc/avr/4.3.3/avr5\libgcc.a(_sf_to_si.o)
 .debug_loc     0x00000640       0x4c d:/documents/zag group/programs/avr tools/02- tools/01- sdk/imt_sdk_win_64/imt_sdk_win_64/winavr/bin/../lib/gcc/avr/4.3.3/avr5\libgcc.a(_usi_to_sf.o)
 .debug_loc     0x0000068c       0x94 d:/documents/zag group/programs/avr tools/02- tools/01- sdk/imt_sdk_win_64/imt_sdk_win_64/winavr/bin/../lib/gcc/avr/4.3.3/avr5\libgcc.a(_clzsi2.o)
 .debug_loc     0x00000720      0x13e d:/documents/zag group/programs/avr tools/02- tools/01- sdk/imt_sdk_win_64/imt_sdk_win_64/winavr/bin/../lib/gcc/avr/4.3.3/avr5\libgcc.a(_pack_sf.o)
 .debug_loc     0x0000085e       0xac d:/documents/zag group/programs/avr tools/02- tools/01- sdk/imt_sdk_win_64/imt_sdk_win_64/winavr/bin/../lib/gcc/avr/4.3.3/avr5\libgcc.a(_unpack_sf.o)
 .debug_loc     0x0000090a       0x50 d:/documents/zag group/programs/avr tools/02- tools/01- sdk/imt_sdk_win_64/imt_sdk_win_64/winavr/bin/../lib/gcc/avr/4.3.3/avr5\libgcc.a(_fpcmp_parts_sf.o)

.debug_macinfo
 *(.debug_macinfo)
OUTPUT(Door_Master.elf elf32-avr)
LOAD linker stubs

.debug_ranges   0x00000000       0x50
 .debug_ranges  0x00000000       0x50 d:/documents/zag group/programs/avr tools/02- tools/01- sdk/imt_sdk_win_64/imt_sdk_win_64/winavr/bin/../lib/gcc/avr/4.3.3/avr5\libgcc.a(_mul_sf.o)
