Archive member included because of file (symbol)

g:/documents/zag group/programs/avr tools/02- tools/01- sdk/imt_sdk_win_64/imt_sdk_win_64/winavr/bin/../lib/gcc/avr/4.3.3/avr5\libgcc.a(_udivmodsi4.o)
                              ./I2C_program.o (__udivmodsi4)
g:/documents/zag group/programs/avr tools/02- tools/01- sdk/imt_sdk_win_64/imt_sdk_win_64/winavr/bin/../lib/gcc/avr/4.3.3/avr5\libgcc.a(_exit.o)
                              g:/documents/zag group/programs/avr tools/02- tools/01- sdk/imt_sdk_win_64/imt_sdk_win_64/winavr/bin/../lib/gcc/avr/4.3.3/../../../../avr/lib/avr5/crtm32.o (exit)
g:/documents/zag group/programs/avr tools/02- tools/01- sdk/imt_sdk_win_64/imt_sdk_win_64/winavr/bin/../lib/gcc/avr/4.3.3/avr5\libgcc.a(_clear_bss.o)
                              ./UART_program.o (__do_clear_bss)

Allocating common symbols
Common symbol       size              file

CB_UDR              0x2               ./UART_program.o
CB_TX               0x2               ./UART_program.o
CB_RX               0x2               ./UART_program.o

Memory Configuration

Name             Origin             Length             Attributes
text             0x00000000         0x00020000         xr
data             0x00800060         0x0000ffa0         rw !x
eeprom           0x00810000         0x00010000         rw !x
fuse             0x00820000         0x00000400         rw !x
lock             0x00830000         0x00000400         rw !x
signature        0x00840000         0x00000400         rw !x
*default*        0x00000000         0xffffffff

Linker script and memory map

LOAD g:/documents/zag group/programs/avr tools/02- tools/01- sdk/imt_sdk_win_64/imt_sdk_win_64/winavr/bin/../lib/gcc/avr/4.3.3/../../../../avr/lib/avr5/crtm32.o
LOAD ./GPIO_program.o
LOAD ./I2C_program.o
LOAD ./UART_program.o
LOAD ./main.o
LOAD g:/documents/zag group/programs/avr tools/02- tools/01- sdk/imt_sdk_win_64/imt_sdk_win_64/winavr/bin/../lib/gcc/avr/4.3.3/avr5\libgcc.a
LOAD g:/documents/zag group/programs/avr tools/02- tools/01- sdk/imt_sdk_win_64/imt_sdk_win_64/winavr/bin/../lib/gcc/avr/4.3.3/../../../../avr/lib/avr5\libc.a
LOAD g:/documents/zag group/programs/avr tools/02- tools/01- sdk/imt_sdk_win_64/imt_sdk_win_64/winavr/bin/../lib/gcc/avr/4.3.3/avr5\libgcc.a

.hash
 *(.hash)

.dynsym
 *(.dynsym)

.dynstr
 *(.dynstr)

.gnu.version
 *(.gnu.version)

.gnu.version_d
 *(.gnu.version_d)

.gnu.version_r
 *(.gnu.version_r)

.rel.init
 *(.rel.init)

.rela.init
 *(.rela.init)

.rel.text
 *(.rel.text)
 *(.rel.text.*)
 *(.rel.gnu.linkonce.t*)

.rela.text
 *(.rela.text)
 *(.rela.text.*)
 *(.rela.gnu.linkonce.t*)

.rel.fini
 *(.rel.fini)

.rela.fini
 *(.rela.fini)

.rel.rodata
 *(.rel.rodata)
 *(.rel.rodata.*)
 *(.rel.gnu.linkonce.r*)

.rela.rodata
 *(.rela.rodata)
 *(.rela.rodata.*)
 *(.rela.gnu.linkonce.r*)

.rel.data
 *(.rel.data)
 *(.rel.data.*)
 *(.rel.gnu.linkonce.d*)

.rela.data
 *(.rela.data)
 *(.rela.data.*)
 *(.rela.gnu.linkonce.d*)

.rel.ctors
 *(.rel.ctors)

.rela.ctors
 *(.rela.ctors)

.rel.dtors
 *(.rel.dtors)

.rela.dtors
 *(.rela.dtors)

.rel.got
 *(.rel.got)

.rela.got
 *(.rela.got)

.rel.bss
 *(.rel.bss)

.rela.bss
 *(.rela.bss)

.rel.plt
 *(.rel.plt)

.rela.plt
 *(.rela.plt)

.text           0x00000000     0x1068
 *(.vectors)
 .vectors       0x00000000       0x54 g:/documents/zag group/programs/avr tools/02- tools/01- sdk/imt_sdk_win_64/imt_sdk_win_64/winavr/bin/../lib/gcc/avr/4.3.3/../../../../avr/lib/avr5/crtm32.o
                0x00000000                __vectors
                0x00000000                __vector_default
 *(.vectors)
 *(.progmem.gcc*)
 *(.progmem*)
                0x00000054                . = ALIGN (0x2)
                0x00000054                __trampolines_start = .
 *(.trampolines)
 .trampolines   0x00000054        0x0 linker stubs
 *(.trampolines*)
                0x00000054                __trampolines_end = .
 *(.jumptables)
 *(.jumptables*)
 *(.lowtext)
 *(.lowtext*)
                0x00000054                __ctors_start = .
 *(.ctors)
                0x00000054                __ctors_end = .
                0x00000054                __dtors_start = .
 *(.dtors)
                0x00000054                __dtors_end = .
 SORT(*)(.ctors)
 SORT(*)(.dtors)
 *(.init0)
 .init0         0x00000054        0x0 g:/documents/zag group/programs/avr tools/02- tools/01- sdk/imt_sdk_win_64/imt_sdk_win_64/winavr/bin/../lib/gcc/avr/4.3.3/../../../../avr/lib/avr5/crtm32.o
                0x00000054                __init
 *(.init0)
 *(.init1)
 *(.init1)
 *(.init2)
 .init2         0x00000054        0xc g:/documents/zag group/programs/avr tools/02- tools/01- sdk/imt_sdk_win_64/imt_sdk_win_64/winavr/bin/../lib/gcc/avr/4.3.3/../../../../avr/lib/avr5/crtm32.o
 *(.init2)
 *(.init3)
 *(.init3)
 *(.init4)
 .init4         0x00000060       0x10 g:/documents/zag group/programs/avr tools/02- tools/01- sdk/imt_sdk_win_64/imt_sdk_win_64/winavr/bin/../lib/gcc/avr/4.3.3/avr5\libgcc.a(_clear_bss.o)
                0x00000060                __do_clear_bss
 *(.init4)
 *(.init5)
 *(.init5)
 *(.init6)
 *(.init6)
 *(.init7)
 *(.init7)
 *(.init8)
 *(.init8)
 *(.init9)
 .init9         0x00000070        0x8 g:/documents/zag group/programs/avr tools/02- tools/01- sdk/imt_sdk_win_64/imt_sdk_win_64/winavr/bin/../lib/gcc/avr/4.3.3/../../../../avr/lib/avr5/crtm32.o
 *(.init9)
 *(.text)
 .text          0x00000078        0x4 g:/documents/zag group/programs/avr tools/02- tools/01- sdk/imt_sdk_win_64/imt_sdk_win_64/winavr/bin/../lib/gcc/avr/4.3.3/../../../../avr/lib/avr5/crtm32.o
                0x00000078                __vector_1
                0x00000078                __vector_12
                0x00000078                __bad_interrupt
                0x00000078                __vector_6
                0x00000078                __vector_3
                0x00000078                __vector_11
                0x00000078                __vector_13
                0x00000078                __vector_17
                0x00000078                __vector_19
                0x00000078                __vector_7
                0x00000078                __vector_5
                0x00000078                __vector_4
                0x00000078                __vector_9
                0x00000078                __vector_2
                0x00000078                __vector_15
                0x00000078                __vector_8
                0x00000078                __vector_14
                0x00000078                __vector_10
                0x00000078                __vector_16
                0x00000078                __vector_18
                0x00000078                __vector_20
 .text          0x0000007c        0x0 ./GPIO_program.o
 .text          0x0000007c        0x0 ./I2C_program.o
 .text          0x0000007c        0x0 ./UART_program.o
 .text          0x0000007c        0x0 ./main.o
 .text          0x0000007c        0x0 g:/documents/zag group/programs/avr tools/02- tools/01- sdk/imt_sdk_win_64/imt_sdk_win_64/winavr/bin/../lib/gcc/avr/4.3.3/avr5\libgcc.a(_udivmodsi4.o)
 .text          0x0000007c        0x0 g:/documents/zag group/programs/avr tools/02- tools/01- sdk/imt_sdk_win_64/imt_sdk_win_64/winavr/bin/../lib/gcc/avr/4.3.3/avr5\libgcc.a(_exit.o)
 .text          0x0000007c        0x0 g:/documents/zag group/programs/avr tools/02- tools/01- sdk/imt_sdk_win_64/imt_sdk_win_64/winavr/bin/../lib/gcc/avr/4.3.3/avr5\libgcc.a(_clear_bss.o)
                0x0000007c                . = ALIGN (0x2)
 *(.text.*)
 .text.GPIO_voidSetPinDDR
                0x0000007c      0x1c6 ./GPIO_program.o
                0x0000007c                GPIO_voidSetPinDDR
 .text.GPIO_voidWritePin
                0x00000242      0x1c6 ./GPIO_program.o
                0x00000242                GPIO_voidWritePin
 .text.GPIO_u8ReadPin
                0x00000408      0x156 ./GPIO_program.o
                0x00000408                GPIO_u8ReadPin
 .text.GPIO_voidTogPin
                0x0000055e       0xfa ./GPIO_program.o
                0x0000055e                GPIO_voidTogPin
 .text.GPIO_voidSetPortDDR
                0x00000658       0xba ./GPIO_program.o
                0x00000658                GPIO_voidSetPortDDR
 .text.GPIO_voidWritePort
                0x00000712       0x82 ./GPIO_program.o
                0x00000712                GPIO_voidWritePort
 .text.GPIO_voidSetLowNippleDDR
                0x00000794       0x36 ./GPIO_program.o
                0x00000794                GPIO_voidSetLowNippleDDR
 .text.GPIO_voidSetHighNippleDDR
                0x000007ca       0x38 ./GPIO_program.o
                0x000007ca                GPIO_voidSetHighNippleDDR
 .text.GPIO_voidWriteLowNipple
                0x00000802       0xe0 ./GPIO_program.o
                0x00000802                GPIO_voidWriteLowNipple
 .text.GPIO_voidWriteHighNipple
                0x000008e2       0xe0 ./GPIO_program.o
                0x000008e2                GPIO_voidWriteHighNipple
 .text.I2C_voidInit
                0x000009c2       0x98 ./I2C_program.o
                0x000009c2                I2C_voidInit
 .text.I2C_voidStart
                0x00000a5a       0x40 ./I2C_program.o
                0x00000a5a                I2C_voidStart
 .text.I2C_voidWriteAddress
                0x00000a9a       0x4e ./I2C_program.o
                0x00000a9a                I2C_voidWriteAddress
 .text.I2C_voidWriteData
                0x00000ae8       0x4e ./I2C_program.o
                0x00000ae8                I2C_voidWriteData
 .text.I2C_voidStop
                0x00000b36       0x16 ./I2C_program.o
                0x00000b36                I2C_voidStop
 .text.I2C_voidSetAddress
                0x00000b4c       0x1c ./I2C_program.o
                0x00000b4c                I2C_voidSetAddress
 .text.I2C_u8SlaveRead
                0x00000b68       0x78 ./I2C_program.o
                0x00000b68                I2C_u8SlaveRead
 .text.I2C_repeated_start
                0x00000be0       0x40 ./I2C_program.o
                0x00000be0                I2C_repeated_start
 .text.I2C_read_with_NACK
                0x00000c20       0x46 ./I2C_program.o
                0x00000c20                I2C_read_with_NACK
 .text.USART_voidInit
                0x00000c66      0x11e ./UART_program.o
                0x00000c66                USART_voidInit
 .text.USART_voidSendByte
                0x00000d84       0x42 ./UART_program.o
                0x00000d84                USART_voidSendByte
 .text.USART_u8RecieveByte
                0x00000dc6       0x2a ./UART_program.o
                0x00000dc6                USART_u8RecieveByte
 .text.USART_voidEnableTXInterrupt
                0x00000df0       0x1c ./UART_program.o
                0x00000df0                USART_voidEnableTXInterrupt
 .text.USART_voidEnableRXInterrupt
                0x00000e0c       0x1c ./UART_program.o
                0x00000e0c                USART_voidEnableRXInterrupt
 .text.USART_voidEnableUDREInterrupt
                0x00000e28       0x1c ./UART_program.o
                0x00000e28                USART_voidEnableUDREInterrupt
 .text.USART_voidSetCBTX
                0x00000e44       0x24 ./UART_program.o
                0x00000e44                USART_voidSetCBTX
 .text.USART_voidSetCBRX
                0x00000e68       0x24 ./UART_program.o
                0x00000e68                USART_voidSetCBRX
 .text.USART_voidSetCBUDRE
                0x00000e8c       0x24 ./UART_program.o
                0x00000e8c                USART_voidSetCBUDRE
 .text.USART_voidSendString
                0x00000eb0       0x38 ./UART_program.o
                0x00000eb0                USART_voidSendString
 .text.USART_voidSendu32Block
                0x00000ee8       0x6a ./UART_program.o
                0x00000ee8                USART_voidSendu32Block
 .text.USART_u32Recieveu32Block
                0x00000f52       0x84 ./UART_program.o
                0x00000f52                USART_u32Recieveu32Block
 .text.main     0x00000fd6       0x4a ./main.o
                0x00000fd6                main
 .text.libgcc   0x00001020       0x44 g:/documents/zag group/programs/avr tools/02- tools/01- sdk/imt_sdk_win_64/imt_sdk_win_64/winavr/bin/../lib/gcc/avr/4.3.3/avr5\libgcc.a(_udivmodsi4.o)
                0x00001020                __udivmodsi4
 .text.libgcc   0x00001064        0x0 g:/documents/zag group/programs/avr tools/02- tools/01- sdk/imt_sdk_win_64/imt_sdk_win_64/winavr/bin/../lib/gcc/avr/4.3.3/avr5\libgcc.a(_exit.o)
 .text.libgcc   0x00001064        0x0 g:/documents/zag group/programs/avr tools/02- tools/01- sdk/imt_sdk_win_64/imt_sdk_win_64/winavr/bin/../lib/gcc/avr/4.3.3/avr5\libgcc.a(_clear_bss.o)
                0x00001064                . = ALIGN (0x2)
 *(.fini9)
 .fini9         0x00001064        0x0 g:/documents/zag group/programs/avr tools/02- tools/01- sdk/imt_sdk_win_64/imt_sdk_win_64/winavr/bin/../lib/gcc/avr/4.3.3/avr5\libgcc.a(_exit.o)
                0x00001064                exit
                0x00001064                _exit
 *(.fini9)
 *(.fini8)
 *(.fini8)
 *(.fini7)
 *(.fini7)
 *(.fini6)
 *(.fini6)
 *(.fini5)
 *(.fini5)
 *(.fini4)
 *(.fini4)
 *(.fini3)
 *(.fini3)
 *(.fini2)
 *(.fini2)
 *(.fini1)
 *(.fini1)
 *(.fini0)
 .fini0         0x00001064        0x4 g:/documents/zag group/programs/avr tools/02- tools/01- sdk/imt_sdk_win_64/imt_sdk_win_64/winavr/bin/../lib/gcc/avr/4.3.3/avr5\libgcc.a(_exit.o)
 *(.fini0)
                0x00001068                _etext = .

.data           0x00800060        0x0 load address 0x00001068
                0x00800060                PROVIDE (__data_start, .)
 *(.data)
 .data          0x00800060        0x0 g:/documents/zag group/programs/avr tools/02- tools/01- sdk/imt_sdk_win_64/imt_sdk_win_64/winavr/bin/../lib/gcc/avr/4.3.3/../../../../avr/lib/avr5/crtm32.o
 .data          0x00800060        0x0 ./GPIO_program.o
 .data          0x00800060        0x0 ./I2C_program.o
 .data          0x00800060        0x0 ./UART_program.o
 .data          0x00800060        0x0 ./main.o
 .data          0x00800060        0x0 g:/documents/zag group/programs/avr tools/02- tools/01- sdk/imt_sdk_win_64/imt_sdk_win_64/winavr/bin/../lib/gcc/avr/4.3.3/avr5\libgcc.a(_udivmodsi4.o)
 .data          0x00800060        0x0 g:/documents/zag group/programs/avr tools/02- tools/01- sdk/imt_sdk_win_64/imt_sdk_win_64/winavr/bin/../lib/gcc/avr/4.3.3/avr5\libgcc.a(_exit.o)
 .data          0x00800060        0x0 g:/documents/zag group/programs/avr tools/02- tools/01- sdk/imt_sdk_win_64/imt_sdk_win_64/winavr/bin/../lib/gcc/avr/4.3.3/avr5\libgcc.a(_clear_bss.o)
 *(.data*)
 *(.rodata)
 *(.rodata*)
 *(.gnu.linkonce.d*)
                0x00800060                . = ALIGN (0x2)
                0x00800060                _edata = .
                0x00800060                PROVIDE (__data_end, .)

.bss            0x00800060        0x6
                0x00800060                PROVIDE (__bss_start, .)
 *(.bss)
 .bss           0x00800060        0x0 g:/documents/zag group/programs/avr tools/02- tools/01- sdk/imt_sdk_win_64/imt_sdk_win_64/winavr/bin/../lib/gcc/avr/4.3.3/../../../../avr/lib/avr5/crtm32.o
 .bss           0x00800060        0x0 ./GPIO_program.o
 .bss           0x00800060        0x0 ./I2C_program.o
 .bss           0x00800060        0x0 ./UART_program.o
 .bss           0x00800060        0x0 ./main.o
 .bss           0x00800060        0x0 g:/documents/zag group/programs/avr tools/02- tools/01- sdk/imt_sdk_win_64/imt_sdk_win_64/winavr/bin/../lib/gcc/avr/4.3.3/avr5\libgcc.a(_udivmodsi4.o)
 .bss           0x00800060        0x0 g:/documents/zag group/programs/avr tools/02- tools/01- sdk/imt_sdk_win_64/imt_sdk_win_64/winavr/bin/../lib/gcc/avr/4.3.3/avr5\libgcc.a(_exit.o)
 .bss           0x00800060        0x0 g:/documents/zag group/programs/avr tools/02- tools/01- sdk/imt_sdk_win_64/imt_sdk_win_64/winavr/bin/../lib/gcc/avr/4.3.3/avr5\libgcc.a(_clear_bss.o)
 *(.bss*)
 *(COMMON)
 COMMON         0x00800060        0x6 ./UART_program.o
                0x00800060                CB_UDR
                0x00800062                CB_TX
                0x00800064                CB_RX
                0x00800066                PROVIDE (__bss_end, .)
                0x00001068                __data_load_start = LOADADDR (.data)
                0x00001068                __data_load_end = (__data_load_start + SIZEOF (.data))

.noinit         0x00800066        0x0
                0x00800066                PROVIDE (__noinit_start, .)
 *(.noinit*)
                0x00800066                PROVIDE (__noinit_end, .)
                0x00800066                _end = .
                0x00800066                PROVIDE (__heap_start, .)

.eeprom         0x00810000        0x0
 *(.eeprom*)
                0x00810000                __eeprom_end = .

.fuse
 *(.fuse)
 *(.lfuse)
 *(.hfuse)
 *(.efuse)

.lock
 *(.lock*)

.signature
 *(.signature*)

.stab           0x00000000     0x1254
 *(.stab)
 .stab          0x00000000      0x7d4 ./GPIO_program.o
 .stab          0x000007d4      0x3c0 ./I2C_program.o
                                0x408 (size before relaxing)
 .stab          0x00000b94      0x534 ./UART_program.o
                                0x57c (size before relaxing)
 .stab          0x000010c8      0x18c ./main.o
                                0x1d4 (size before relaxing)

.stabstr        0x00000000      0x7cc
 *(.stabstr)
 .stabstr       0x00000000      0x7cc ./GPIO_program.o

.stab.excl
 *(.stab.excl)

.stab.exclstr
 *(.stab.exclstr)

.stab.index
 *(.stab.index)

.stab.indexstr
 *(.stab.indexstr)

.comment
 *(.comment)

.debug
 *(.debug)

.line
 *(.line)

.debug_srcinfo
 *(.debug_srcinfo)

.debug_sfnames
 *(.debug_sfnames)

.debug_aranges
 *(.debug_aranges)

.debug_pubnames
 *(.debug_pubnames)

.debug_info
 *(.debug_info)
 *(.gnu.linkonce.wi.*)

.debug_abbrev
 *(.debug_abbrev)

.debug_line
 *(.debug_line)

.debug_frame
 *(.debug_frame)

.debug_str
 *(.debug_str)

.debug_loc
 *(.debug_loc)

.debug_macinfo
 *(.debug_macinfo)
OUTPUT(GRAD_PRO_I2C.elf elf32-avr)
LOAD linker stubs
